Product: MDK-ARM Standard 5.10
Component: ARM Compiler 5.04 update 1 (build 49)
Tool: armlink [5040049]

==============================================================================

Section Cross References

    main.o(.text) refers to stm32f4xx_rcc.o(.text) for RCC_AHB1PeriphClockCmd
    main.o(.text) refers to stm32f4xx_gpio.o(.text) for GPIO_PinAFConfig
    main.o(.text) refers to stm32f4xx_dcmi.o(.text) for DCMI_Init
    main.o(.text) refers to stm32f4xx_dma.o(.text) for DMA_DeInit
    main.o(.text) refers to stm32f4xx_i2c.o(.text) for I2C_DeInit
    main.o(.text) refers to dcmi_ov9655.o(.text) for DCMI_SingleRandomWrite
    main.o(.text) refers to stm32f4xx_syscfg.o(.text) for SYSCFG_EXTILineConfig
    main.o(.text) refers to stm32f4xx_exti.o(.text) for EXTI_Init
    main.o(.text) refers to misc.o(.text) for NVIC_Init
    main.o(.text) refers to stm32f4_discovery_lcd.o(.text) for STM32f4_Discovery_LCD_Init
    main.o(.text) refers to bmp.o(.text) for init_picture_count
    main.o(.text) refers to main.o(.data) for TimingDelay
    main.o(.text) refers to main.o(.bss) for RCC_Clocks
    main.o(.text) refers to stm32f4_discovery_lis302dl.o(.text) for LIS302DL_Init
    stm32f4xx_it.o(.text) refers to main.o(.text) for TimingDelay_Decrement
    stm32f4xx_it.o(.text) refers to stm32f4_discovery_sdio_sd.o(.text) for SD_ProcessIRQSrc
    stm32f4xx_it.o(.text) refers to stm32f4xx_exti.o(.text) for EXTI_GetITStatus
    stm32f4xx_it.o(.text) refers to main.o(.data) for KeyPressFlg
    system_stm32f4xx.o(.text) refers to system_stm32f4xx.o(.data) for SystemCoreClock
    bmp.o(.text) refers to ff.o(.text) for f_mount
    bmp.o(.text) refers to main.o(.text) for Delay
    bmp.o(.text) refers to memseta.o(.text) for __aeabi_memclr4
    bmp.o(.text) refers to printf1.o(i.__0sprintf$1) for __2sprintf
    bmp.o(.text) refers to stm32f4_discovery_lcd.o(.text) for LCD_SetCursor
    bmp.o(.text) refers to bmp.o(.bss) for filesys
    bmp.o(.text) refers to bmp.o(.data) for pic_counter
    dcmi_ov9655.o(.text) refers to stm32f4xx_rcc.o(.text) for RCC_AHB1PeriphClockCmd
    dcmi_ov9655.o(.text) refers to stm32f4xx_gpio.o(.text) for GPIO_Init
    dcmi_ov9655.o(.text) refers to main.o(.text) for Delay
    dcmi_ov9655.o(.text) refers to stm32f4xx_i2c.o(.text) for I2C_GenerateSTART
    stm32f4_discovery_sdio_sd.o(.text) refers to stm32f4_discovery.o(.text) for SD_LowLevel_DeInit
    stm32f4_discovery_sdio_sd.o(.text) refers to stm32f4xx_sdio.o(.text) for SDIO_ClearFlag
    stm32f4_discovery_sdio_sd.o(.text) refers to stm32f4_discovery_sdio_sd.o(.bss) for SDIO_CmdInitStructure
    stm32f4_discovery_sdio_sd.o(.text) refers to stm32f4_discovery_sdio_sd.o(.data) for RCA
    stm32f4_discovery_sdio_sd.o(.text) refers to stm32f4xx_gpio.o(.text) for GPIO_ReadInputDataBit
    stm32f4_discovery_sdio_sd.o(.text) refers to stm32f4xx_dma.o(.text) for DMA_ClearFlag
    stm32f4_discovery.o(.text) refers to stm32f4xx_rcc.o(.text) for RCC_AHB1PeriphClockCmd
    stm32f4_discovery.o(.text) refers to stm32f4xx_gpio.o(.text) for GPIO_Init
    stm32f4_discovery.o(.text) refers to stm32f4xx_syscfg.o(.text) for SYSCFG_EXTILineConfig
    stm32f4_discovery.o(.text) refers to stm32f4xx_exti.o(.text) for EXTI_Init
    stm32f4_discovery.o(.text) refers to misc.o(.text) for NVIC_Init
    stm32f4_discovery.o(.text) refers to stm32f4xx_usart.o(.text) for USART_Init
    stm32f4_discovery.o(.text) refers to stm32f4xx_sdio.o(.text) for SDIO_ClockCmd
    stm32f4_discovery.o(.text) refers to stm32f4xx_dma.o(.text) for DMA_ClearFlag
    stm32f4_discovery.o(.text) refers to stm32f4_discovery.o(.constdata) for GPIO_CLK
    stm32f4_discovery.o(.text) refers to stm32f4_discovery.o(.data) for GPIO_PORT
    stm32f4_discovery_lcd.o(.text) refers to stm32f4xx_fsmc.o(.text) for FSMC_NORSRAMCmd
    stm32f4_discovery_lcd.o(.text) refers to stm32f4xx_gpio.o(.text) for GPIO_Init
    stm32f4_discovery_lcd.o(.text) refers to stm32f4xx_rcc.o(.text) for RCC_AHB1PeriphClockCmd
    stm32f4_discovery_lcd.o(.text) refers to stm32f4_discovery_lcd.o(.data) for LCD_Currentfonts
    stm32f4_discovery_lcd.o(.text) refers to dfltui.o(.text) for __aeabi_ui2d
    stm32f4_discovery_lcd.o(.text) refers to dflti.o(.text) for __aeabi_i2d
    stm32f4_discovery_lcd.o(.text) refers to cdcmple.o(.text) for __aeabi_cdcmple
    stm32f4_discovery_lcd.o(.text) refers to cdrcmple.o(.text) for __aeabi_cdrcmple
    stm32f4_discovery_lcd.o(.data) refers to stm32f4_discovery_lcd.o(.constdata) for ASCII16x24_Table
    stm32f4_discovery_lis302dl.o(.text) refers to main.o(.text) for LIS302DL_TIMEOUT_UserCallback
    stm32f4_discovery_lis302dl.o(.text) refers to stm32f4xx_spi.o(.text) for SPI_I2S_GetFlagStatus
    stm32f4_discovery_lis302dl.o(.text) refers to stm32f4xx_gpio.o(.text) for GPIO_ResetBits
    stm32f4_discovery_lis302dl.o(.text) refers to stm32f4xx_rcc.o(.text) for RCC_APB2PeriphClockCmd
    stm32f4_discovery_lis302dl.o(.text) refers to stm32f4_discovery_lis302dl.o(.data) for LIS302DLTimeout
[...]
    ../clib/microlib/printf/printf.c         0x00000000   Number         0  printf2.o ABSOLUTE
    ../clib/microlib/printf/printf.c         0x00000000   Number         0  printf1.o ABSOLUTE
    ../clib/microlib/printf/printf.c         0x00000000   Number         0  printf0.o ABSOLUTE
    ../clib/microlib/printf/stubs.s          0x00000000   Number         0  stubs.o ABSOLUTE
    ../clib/microlib/stdio/fputc.c           0x00000000   Number         0  fputc.o ABSOLUTE
    ../clib/microlib/stdio/semi.s            0x00000000   Number         0  semi.o ABSOLUTE
    ../clib/microlib/stdio/streams.c         0x00000000   Number         0  stdout.o ABSOLUTE
    ../clib/microlib/string/memset.c         0x00000000   Number         0  memseta.o ABSOLUTE
    ../clib/microlib/stubs.s                 0x00000000   Number         0  iusesemip.o ABSOLUTE
    ../clib/microlib/stubs.s                 0x00000000   Number         0  iusefp.o ABSOLUTE
    ../fplib/microlib/fpadd.c                0x00000000   Number         0  dadd.o ABSOLUTE
    ../fplib/microlib/fpdiv.c                0x00000000   Number         0  ddiv.o ABSOLUTE
    ../fplib/microlib/fpepilogue.c           0x00000000   Number         0  depilogue.o ABSOLUTE
    ../fplib/microlib/fpfix.c                0x00000000   Number         0  dfixul.o ABSOLUTE
    ../fplib/microlib/fpflt.c                0x00000000   Number         0  dflti.o ABSOLUTE
    ../fplib/microlib/fpflt.c                0x00000000   Number         0  dfltui.o ABSOLUTE
    ../fplib/microlib/fpmul.c                0x00000000   Number         0  dmul.o ABSOLUTE
    ..\..\..\Libraries\CMSIS\Device\ST\STM32F4xx\Source\Templates\arm\startup_stm32f4xx.s 0x00000000   Number         0  startup_stm32f4xx.o ABSOLUTE
    ..\..\..\Libraries\STM32F4xx_StdPeriph_Driver\src\misc.c 0x00000000   Number         0  misc.o ABSOLUTE
    ..\..\..\Libraries\STM32F4xx_StdPeriph_Driver\src\stm32f4xx_dcmi.c 0x00000000   Number         0  stm32f4xx_dcmi.o ABSOLUTE
    ..\..\..\Libraries\STM32F4xx_StdPeriph_Driver\src\stm32f4xx_dma.c 0x00000000   Number         0  stm32f4xx_dma.o ABSOLUTE
    ..\..\..\Libraries\STM32F4xx_StdPeriph_Driver\src\stm32f4xx_exti.c 0x00000000   Number         0  stm32f4xx_exti.o ABSOLUTE
    ..\..\..\Libraries\STM32F4xx_StdPeriph_Driver\src\stm32f4xx_fsmc.c 0x00000000   Number         0  stm32f4xx_fsmc.o ABSOLUTE
    ..\..\..\Libraries\STM32F4xx_StdPeriph_Driver\src\stm32f4xx_gpio.c 0x00000000   Number         0  stm32f4xx_gpio.o ABSOLUTE
    ..\..\..\Libraries\STM32F4xx_StdPeriph_Driver\src\stm32f4xx_i2c.c 0x00000000   Number         0  stm32f4xx_i2c.o ABSOLUTE
    ..\..\..\Libraries\STM32F4xx_StdPeriph_Driver\src\stm32f4xx_rcc.c 0x00000000   Number         0  stm32f4xx_rcc.o ABSOLUTE
    ..\..\..\Libraries\STM32F4xx_StdPeriph_Driver\src\stm32f4xx_sdio.c 0x00000000   Number         0  stm32f4xx_sdio.o ABSOLUTE
    ..\..\..\Libraries\STM32F4xx_StdPeriph_Driver\src\stm32f4xx_spi.c 0x00000000   Number         0  stm32f4xx_spi.o ABSOLUTE
    ..\..\..\Libraries\STM32F4xx_StdPeriph_Driver\src\stm32f4xx_syscfg.c 0x00000000   Number         0  stm32f4xx_syscfg.o ABSOLUTE
    ..\..\..\Libraries\STM32F4xx_StdPeriph_Driver\src\stm32f4xx_usart.c 0x00000000   Number         0  stm32f4xx_usart.o ABSOLUTE
    ..\..\..\Utilities\FatFs_vR0.08a\diskio.c 0x00000000   Number         0  diskio.o ABSOLUTE
    ..\..\..\Utilities\FatFs_vR0.08a\ff.c    0x00000000   Number         0  ff.o ABSOLUTE
    ..\..\..\Utilities\STM32F4-Discovery\stm32f4_discovery.c 0x00000000   Number         0  stm32f4_discovery.o ABSOLUTE
    ..\..\..\Utilities\STM32F4-Discovery\stm32f4_discovery_lcd.c 0x00000000   Number         0  stm32f4_discovery_lcd.o ABSOLUTE
    ..\..\..\Utilities\STM32F4-Discovery\stm32f4_discovery_lis302dl.c 0x00000000   Number         0  stm32f4_discovery_lis302dl.o ABSOLUTE
    ..\..\..\Utilities\STM32F4-Discovery\stm32f4_discovery_sdio_sd.c 0x00000000   Number         0  stm32f4_discovery_sdio_sd.o ABSOLUTE
    ..\\..\\..\\Libraries\\STM32F4xx_StdPeriph_Driver\\src\\misc.c 0x00000000   Number         0  misc.o ABSOLUTE
    ..\\..\\..\\Libraries\\STM32F4xx_StdPeriph_Driver\\src\\stm32f4xx_dcmi.c 0x00000000   Number         0  stm32f4xx_dcmi.o ABSOLUTE
    ..\\..\\..\\Libraries\\STM32F4xx_StdPeriph_Driver\\src\\stm32f4xx_dma.c 0x00000000   Number         0  stm32f4xx_dma.o ABSOLUTE
    ..\\..\\..\\Libraries\\STM32F4xx_StdPeriph_Driver\\src\\stm32f4xx_exti.c 0x00000000   Number         0  stm32f4xx_exti.o ABSOLUTE
    ..\\..\\..\\Libraries\\STM32F4xx_StdPeriph_Driver\\src\\stm32f4xx_fsmc.c 0x00000000   Number         0  stm32f4xx_fsmc.o ABSOLUTE
    ..\\..\\..\\Libraries\\STM32F4xx_StdPeriph_Driver\\src\\stm32f4xx_gpio.c 0x00000000   Number         0  stm32f4xx_gpio.o ABSOLUTE
    ..\\..\\..\\Libraries\\STM32F4xx_StdPeriph_Driver\\src\\stm32f4xx_i2c.c 0x00000000   Number         0  stm32f4xx_i2c.o ABSOLUTE
    ..\\..\\..\\Libraries\\STM32F4xx_StdPeriph_Driver\\src\\stm32f4xx_rcc.c 0x00000000   Number         0  stm32f4xx_rcc.o ABSOLUTE
    ..\\..\\..\\Libraries\\STM32F4xx_StdPeriph_Driver\\src\\stm32f4xx_sdio.c 0x00000000   Number         0  stm32f4xx_sdio.o ABSOLUTE
    ..\\..\\..\\Libraries\\STM32F4xx_StdPeriph_Driver\\src\\stm32f4xx_spi.c 0x00000000   Number         0  stm32f4xx_spi.o ABSOLUTE
    ..\\..\\..\\Libraries\\STM32F4xx_StdPeriph_Driver\\src\\stm32f4xx_syscfg.c 0x00000000   Number         0  stm32f4xx_syscfg.o ABSOLUTE
    ..\\..\\..\\Libraries\\STM32F4xx_StdPeriph_Driver\\src\\stm32f4xx_usart.c 0x00000000   Number         0  stm32f4xx_usart.o ABSOLUTE
    ..\\..\\..\\Utilities\\FatFs_vR0.08a\\diskio.c 0x00000000   Number         0  diskio.o ABSOLUTE
    ..\\..\\..\\Utilities\\STM32F4-Discovery\\stm32f4_discovery.c 0x00000000   Number         0  stm32f4_discovery.o ABSOLUTE
    ..\\..\\..\\Utilities\\STM32F4-Discovery\\stm32f4_discovery_lcd.c 0x00000000   Number         0  stm32f4_discovery_lcd.o ABSOLUTE
    ..\\..\\..\\Utilities\\STM32F4-Discovery\\stm32f4_discovery_lis302dl.c 0x00000000   Number         0  stm32f4_discovery_lis302dl.o ABSOLUTE
    ..\\..\\..\\Utilities\\STM32F4-Discovery\\stm32f4_discovery_sdio_sd.c 0x00000000   Number         0  stm32f4_discovery_sdio_sd.o ABSOLUTE
    ..\\src\\bmp.c                           0x00000000   Number         0  bmp.o ABSOLUTE
    ..\\src\\dcmi_ov9655.c                   0x00000000   Number         0  dcmi_ov9655.o ABSOLUTE
    ..\\src\\main.c                          0x00000000   Number         0  main.o ABSOLUTE
    ..\\src\\stm32f4xx_it.c                  0x00000000   Number         0  stm32f4xx_it.o ABSOLUTE
    ..\\src\\system_stm32f4xx.c              0x00000000   Number         0  system_stm32f4xx.o ABSOLUTE
    ..\src\bmp.c                             0x00000000   Number         0  bmp.o ABSOLUTE
    ..\src\dcmi_ov9655.c                     0x00000000   Number         0  dcmi_ov9655.o ABSOLUTE
    ..\src\main.c                            0x00000000   Number         0  main.o ABSOLUTE
    ..\src\stm32f4xx_it.c                    0x00000000   Number         0  stm32f4xx_it.o ABSOLUTE
    ..\src\system_stm32f4xx.c                0x00000000   Number         0  system_stm32f4xx.o ABSOLUTE
    cdcmple.s                                0x00000000   Number         0  cdcmple.o ABSOLUTE
    cdrcmple.s                               0x00000000   Number         0  cdrcmple.o ABSOLUTE
    dc.s                                     0x00000000   Number         0  dc.o ABSOLUTE
    handlers.s                               0x00000000   Number         0  handlers.o ABSOLUTE
    init.s                                   0x00000000   Number         0  init.o ABSOLUTE
    RESET                                    0x08000000   Section      392  startup_stm32f4xx.o(RESET)
    .ARM.Collect$$$$00000000                 0x08000188   Section        0  entry.o(.ARM.Collect$$$$00000000)
    .ARM.Collect$$$$00000001                 0x08000188   Section        4  entry2.o(.ARM.Collect$$$$00000001)
    .ARM.Collect$$$$00000004                 0x0800018c   Section        4  entry5.o(.ARM.Collect$$$$00000004)
    .ARM.Collect$$$$00000008                 0x08000190   Section        0  entry7b.o(.ARM.Collect$$$$00000008)
    .ARM.Collect$$$$0000000A                 0x08000190   Section        0  entry8b.o(.ARM.Collect$$$$0000000A)
    .ARM.Collect$$$$0000000B                 0x08000190   Section        8  entry9a.o(.ARM.Collect$$$$0000000B)
    .ARM.Collect$$$$0000000D                 0x08000198   Section        0  entry10a.o(.ARM.Collect$$$$0000000D)
    .ARM.Collect$$$$0000000F                 0x08000198   Section        0  entry11a.o(.ARM.Collect$$$$0000000F)
    .ARM.Collect$$$$00002712                 0x08000198   Section        4  entry2.o(.ARM.Collect$$$$00002712)
    __lit__00000000                          0x08000198   Data           4  entry2.o(.ARM.Collect$$$$00002712)
    .text                                    0x0800019c   Section        0  main.o(.text)
    .text                                    0x080006a4   Section        0  stm32f4xx_it.o(.text)
    .text                                    0x080006f0   Section        0  system_stm32f4xx.o(.text)
    SetSysClock                              0x080006f1   Thumb Code   220  system_stm32f4xx.o(.text)
    .text                                    0x08000900   Section        0  bmp.o(.text)
    set_pic_count                            0x08000901   Thumb Code   104  bmp.o(.text)
    get_pic_count                            0x08000a3d   Thumb Code   162  bmp.o(.text)
    .text                                    0x08000b14   Section        0  dcmi_ov9655.o(.text)
    .text                                    0x080020b8   Section        0  stm32f4_discovery_sdio_sd.o(.text)
    CmdResp1Error                            0x080020c1   Thumb Code   298  stm32f4_discovery_sdio_sd.o(.text)
    FindSCR                                  0x080021eb   Thumb Code   386  stm32f4_discovery_sdio_sd.o(.text)
    SDEnWideBus                              0x0800236d   Thumb Code   274  stm32f4_discovery_sdio_sd.o(.text)
    CmdResp2Error                            0x0800280f   Thumb Code    70  stm32f4_discovery_sdio_sd.o(.text)
    CmdResp6Error                            0x08002855   Thumb Code   182  stm32f4_discovery_sdio_sd.o(.text)
    CmdResp3Error                            0x08002a31   Thumb Code    52  stm32f4_discovery_sdio_sd.o(.text)
    CmdResp7Error                            0x08002a65   Thumb Code    72  stm32f4_discovery_sdio_sd.o(.text)
    CmdError                                 0x08002aad   Thumb Code    44  stm32f4_discovery_sdio_sd.o(.text)
    IsCardProgramming                        0x0800347d   Thumb Code   436  stm32f4_discovery_sdio_sd.o(.text)
    .text                                    0x08003854   Section        0  stm32f4_discovery.o(.text)
    .text                                    0x08003ce4   Section        0  stm32f4_discovery_lcd.o(.text)
    delay                                    0x080040df   Thumb Code    60  stm32f4_discovery_lcd.o(.text)
    PutPixel                                 0x08004499   Thumb Code    42  stm32f4_discovery_lcd.o(.text)
    LCD_PolyLineRelativeClosed               0x0800497f   Thumb Code   128  stm32f4_discovery_lcd.o(.text)
    .text                                    0x08004ca8   Section        0  stm32f4_discovery_lis302dl.o(.text)
    LIS302DL_SendByte                        0x08004ca9   Thumb Code   106  stm32f4_discovery_lis302dl.o(.text)
    LIS302DL_LowLevel_Init                   0x08004d4d   Thumb Code   294  stm32f4_discovery_lis302dl.o(.text)
    .text                                    0x0800506c   Section        0  stm32f4xx_usart.o(.text)
    .text                                    0x08005488   Section        0  misc.o(.text)
    .text                                    0x08005568   Section        0  stm32f4xx_dcmi.o(.text)
    .text                                    0x080056f4   Section        0  stm32f4xx_dma.o(.text)
    .text                                    0x08005a9c   Section        0  stm32f4xx_exti.o(.text)
    .text                                    0x08005bb8   Section        0  stm32f4xx_fsmc.o(.text)
    .text                                    0x080061c0   Section        0  stm32f4xx_gpio.o(.text)
    .text                                    0x0800641c   Section        0  stm32f4xx_rcc.o(.text)
    .text                                    0x080069a4   Section        0  stm32f4xx_sdio.o(.text)
    .text                                    0x08006b80   Section        0  stm32f4xx_spi.o(.text)
    .text                                    0x08006f78   Section        0  stm32f4xx_syscfg.o(.text)
    .text                                    0x08007004   Section        0  stm32f4xx_i2c.o(.text)
    .text                                    0x0800742c   Section        0  ff.o(.text)
    mem_cpy                                  0x0800742d   Thumb Code    26  ff.o(.text)
    mem_set                                  0x08007447   Thumb Code    20  ff.o(.text)
    mem_cmp                                  0x0800745b   Thumb Code    38  ff.o(.text)
    chk_chr                                  0x08007481   Thumb Code    20  ff.o(.text)
    move_window                              0x08007495   Thumb Code   114  ff.o(.text)
    sync                                     0x08007507   Thumb Code   202  ff.o(.text)
    remove_chain                             0x08007805   Thumb Code   104  ff.o(.text)
    create_chain                             0x0800786d   Thumb Code   202  ff.o(.text)
    dir_sdi                                  0x08007937   Thumb Code   156  ff.o(.text)
    dir_next                                 0x080079d3   Thumb Code   278  ff.o(.text)
    dir_find                                 0x08007ae9   Thumb Code    92  ff.o(.text)
    dir_read                                 0x08007b45   Thumb Code    86  ff.o(.text)
    dir_register                             0x08007b9b   Thumb Code   110  ff.o(.text)
    dir_remove                               0x08007c09   Thumb Code    44  ff.o(.text)
    create_name                              0x08007c35   Thumb Code   318  ff.o(.text)
    get_fileinfo                             0x08007d73   Thumb Code   152  ff.o(.text)
    follow_path                              0x08007e0b   Thumb Code   158  ff.o(.text)
    check_fs                                 0x08007ea9   Thumb Code   138  ff.o(.text)
    chk_mounted                              0x08007f33   Thumb Code   890  ff.o(.text)
    validate                                 0x080082ad   Thumb Code    42  ff.o(.text)
    .text                                    0x08009180   Section        0  diskio.o(.text)
    .text                                    0x08009268   Section       36  startup_stm32f4xx.o(.text)
    $v0                                      0x08009268   Number         0  startup_stm32f4xx.o(.text)
    .text                                    0x0800928c   Section        0  memseta.o(.text)
    .text                                    0x080092b0   Section        0  dflti.o(.text)
    .text                                    0x080092d2   Section        0  dfltui.o(.text)
    .text                                    0x080092ec   Section       40  cdcmple.o(.text)
    .text                                    0x08009314   Section       40  cdrcmple.o(.text)
    .text                                    0x0800933c   Section        0  uidiv.o(.text)
    .text                                    0x08009368   Section        0  depilogue.o(.text)
    .text                                    0x08009368   Section        0  iusefp.o(.text)
    .text                                    0x08009420   Section       36  init.o(.text)
    .text                                    0x08009444   Section        0  llshl.o(.text)
    .text                                    0x08009462   Section        0  llushr.o(.text)
    i.__0sprintf$1                           0x08009484   Section        0  printf1.o(i.__0sprintf$1)
    i.__scatterload_copy                     0x080094ac   Section       14  handlers.o(i.__scatterload_copy)
    i.__scatterload_null                     0x080094ba   Section        2  handlers.o(i.__scatterload_null)
    i.__scatterload_zeroinit                 0x080094bc   Section       14  handlers.o(i.__scatterload_zeroinit)
    i._printf_core                           0x080094cc   Section        0  printf1.o(i._printf_core)
    _printf_core                             0x080094cd   Thumb Code   336  printf1.o(i._printf_core)
    i._sputc                                 0x08009620   Section        0  printf1.o(i._sputc)
    _sputc                                   0x08009621   Thumb Code    10  printf1.o(i._sputc)
    .constdata                               0x0800962c   Section       88  stm32f4_discovery.o(.constdata)
    .constdata                               0x08009684   Section    10704  stm32f4_discovery_lcd.o(.constdata)
    .data                                    0x20000000   Section       17  main.o(.data)
    .data                                    0x20000014   Section       20  system_stm32f4xx.o(.data)
    .data                                    0x20000028   Section       74  bmp.o(.data)
    .data                                    0x20000074   Section       24  stm32f4_discovery_sdio_sd.o(.data)
    CardType                                 0x20000074   Data           4  stm32f4_discovery_sdio_sd.o(.data)
    RCA                                      0x20000078   Data           4  stm32f4_discovery_sdio_sd.o(.data)
    .data                                    0x2000008c   Section       48  stm32f4_discovery.o(.data)
    .data                                    0x200000bc   Section       40  stm32f4_discovery_lcd.o(.data)
    LCD_Currentfonts                         0x200000dc   Data           4  stm32f4_discovery_lcd.o(.data)
    TextColor                                0x200000e0   Data           2  stm32f4_discovery_lcd.o(.data)
    BackColor                                0x200000e2   Data           2  stm32f4_discovery_lcd.o(.data)
    .data                                    0x200000e4   Section        4  stm32f4_discovery_lis302dl.o(.data)
    .data                                    0x200000e8   Section       16  stm32f4xx_rcc.o(.data)
    APBAHBPrescTable                         0x200000e8   Data          16  stm32f4xx_rcc.o(.data)
    .data                                    0x200000f8   Section        6  ff.o(.data)
    FatFs                                    0x200000f8   Data           4  ff.o(.data)
    Fsid                                     0x200000fc   Data           2  ff.o(.data)
    .bss                                     0x20000100   Section       16  main.o(.bss)
    .bss                                     0x20000110   Section     1584  bmp.o(.bss)
    .bss                                     0x20000740   Section      196  stm32f4_discovery_sdio_sd.o(.bss)
    CSD_Tab                                  0x20000740   Data          16  stm32f4_discovery_sdio_sd.o(.bss)
    CID_Tab                                  0x20000750   Data          16  stm32f4_discovery_sdio_sd.o(.bss)
    SDSTATUS_Tab                             0x20000760   Data          16  stm32f4_discovery_sdio_sd.o(.bss)
    STACK                                    0x20000808   Section     2048  startup_stm32f4xx.o(STACK)

    Global Symbols

    Symbol Name                              Value     Ov Type        Size  Object(Section)

    BuildAttributes$$THM_ISAv4$E$P$D$K$B$S$7EM$VFPi3$EXTD16$VFPS$VFMA$PE$A:L22UL41UL21$X:L11$S22US41US21$IEEE1$IW$USESV6$~STKCKD$USESV7$~SHL$OSPACE$ROPI$EBA8$MICROLIB$REQ8$PRES8$EABIv2 0x00000000   Number         0  anon$$obj.o ABSOLUTE
    __ARM_use_no_argv                        0x00000000   Number         0  main.o ABSOLUTE
    _printf_a                                0x00000000   Number         0  stubs.o ABSOLUTE
    _printf_c                                0x00000000   Number         0  stubs.o ABSOLUTE
    _printf_charcount                        0x00000000   Number         0  stubs.o ABSOLUTE
    _printf_d                                0x00000000   Number         0  stubs.o ABSOLUTE
    _printf_e                                0x00000000   Number         0  stubs.o ABSOLUTE
    _printf_f                                0x00000000   Number         0  stubs.o ABSOLUTE
    _printf_flags                            0x00000000   Number         0  stubs.o ABSOLUTE
    _printf_fp_dec                           0x00000000   Number         0  stubs.o ABSOLUTE
    _printf_fp_hex                           0x00000000   Number         0  stubs.o ABSOLUTE
    _printf_g                                0x00000000   Number         0  stubs.o ABSOLUTE
    _printf_i                                0x00000000   Number         0  stubs.o ABSOLUTE
    _printf_int_dec                          0x00000000   Number         0  stubs.o ABSOLUTE
    _printf_l                                0x00000000   Number         0  stubs.o ABSOLUTE
    _printf_lc                               0x00000000   Number         0  stubs.o ABSOLUTE
    _printf_ll                               0x00000000   Number         0  stubs.o ABSOLUTE
    _printf_lld                              0x00000000   Number         0  stubs.o ABSOLUTE
    _printf_lli                              0x00000000   Number         0  stubs.o ABSOLUTE
    _printf_llo                              0x00000000   Number         0  stubs.o ABSOLUTE
    _printf_llu                              0x00000000   Number         0  stubs.o ABSOLUTE
    _printf_llx                              0x00000000   Number         0  stubs.o ABSOLUTE
    _printf_longlong_dec                     0x00000000   Number         0  stubs.o ABSOLUTE
    _printf_longlong_hex                     0x00000000   Number         0  stubs.o ABSOLUTE
    _printf_longlong_oct                     0x00000000   Number         0  stubs.o ABSOLUTE
    _printf_ls                               0x00000000   Number         0  stubs.o ABSOLUTE
    _printf_mbtowc                           0x00000000   Number         0  stubs.o ABSOLUTE
    _printf_n                                0x00000000   Number         0  stubs.o ABSOLUTE
    _printf_o                                0x00000000   Number         0  stubs.o ABSOLUTE
    _printf_p                                0x00000000   Number         0  stubs.o ABSOLUTE
    _printf_percent                          0x00000000   Number         0  stubs.o ABSOLUTE
    _printf_pre_padding                      0x00000000   Number         0  stubs.o ABSOLUTE
    _printf_return_value                     0x00000000   Number         0  stubs.o ABSOLUTE
    _printf_s                                0x00000000   Number         0  stubs.o ABSOLUTE
    _printf_sizespec                         0x00000000   Number         0  stubs.o ABSOLUTE
    _printf_str                              0x00000000   Number         0  stubs.o ABSOLUTE
    _printf_truncate_signed                  0x00000000   Number         0  stubs.o ABSOLUTE
    _printf_truncate_unsigned                0x00000000   Number         0  stubs.o ABSOLUTE
    _printf_u                                0x00000000   Number         0  stubs.o ABSOLUTE
    _printf_wc                               0x00000000   Number         0  stubs.o ABSOLUTE
    _printf_wctomb                           0x00000000   Number         0  stubs.o ABSOLUTE
    _printf_widthprec                        0x00000000   Number         0  stubs.o ABSOLUTE
    _printf_x                                0x00000000   Number         0  stubs.o ABSOLUTE
    __cpp_initialize__aeabi_                  - Undefined Weak Reference
    __cxa_finalize                            - Undefined Weak Reference
    __decompress                              - Undefined Weak Reference
    _clock_init                               - Undefined Weak Reference
    _microlib_exit                            - Undefined Weak Reference
    __Vectors_Size                           0x00000188   Number         0  startup_stm32f4xx.o ABSOLUTE
    __Vectors                                0x08000000   Data           4  startup_stm32f4xx.o(RESET)
    __Vectors_End                            0x08000188   Data           0  startup_stm32f4xx.o(RESET)
    __main                                   0x08000189   Thumb Code     0  entry.o(.ARM.Collect$$$$00000000)
    _main_stk                                0x08000189   Thumb Code     0  entry2.o(.ARM.Collect$$$$00000001)
    _main_scatterload                        0x0800018d   Thumb Code     0  entry5.o(.ARM.Collect$$$$00000004)
    __main_after_scatterload                 0x08000191   Thumb Code     0  entry5.o(.ARM.Collect$$$$00000004)
    _main_clock                              0x08000191   Thumb Code     0  entry7b.o(.ARM.Collect$$$$00000008)
    _main_cpp_init                           0x08000191   Thumb Code     0  entry8b.o(.ARM.Collect$$$$0000000A)
    _main_init                               0x08000191   Thumb Code     0  entry9a.o(.ARM.Collect$$$$0000000B)
    __rt_final_cpp                           0x08000199   Thumb Code     0  entry10a.o(.ARM.Collect$$$$0000000D)
    __rt_final_exit                          0x08000199   Thumb Code     0  entry11a.o(.ARM.Collect$$$$0000000F)
    Delay                                    0x0800019d   Thumb Code    16  main.o(.text)
    DCMI_Config                              0x080001ad   Thumb Code   342  main.o(.text)
    I2C1_Config                              0x08000303   Thumb Code   144  main.o(.text)
    DCMI_OV9655Config                        0x08000393   Thumb Code    64  main.o(.text)
    EXTILine0_Config                         0x080003d3   Thumb Code   100  main.o(.text)
    main                                     0x08000437   Thumb Code   510  main.o(.text)
    LIS302DL_Reset                           0x08000635   Thumb Code    86  main.o(.text)
    LIS302DL_TIMEOUT_UserCallback            0x0800068b   Thumb Code     4  main.o(.text)
    TimingDelay_Decrement                    0x0800068f   Thumb Code    18  main.o(.text)
    NMI_Handler                              0x080006a5   Thumb Code     2  stm32f4xx_it.o(.text)
    HardFault_Handler                        0x080006a7   Thumb Code     4  stm32f4xx_it.o(.text)
    MemManage_Handler                        0x080006ab   Thumb Code     4  stm32f4xx_it.o(.text)
    BusFault_Handler                         0x080006af   Thumb Code     4  stm32f4xx_it.o(.text)
    UsageFault_Handler                       0x080006b3   Thumb Code     4  stm32f4xx_it.o(.text)
    SVC_Handler                              0x080006b7   Thumb Code     2  stm32f4xx_it.o(.text)
    DebugMon_Handler                         0x080006b9   Thumb Code     2  stm32f4xx_it.o(.text)
    PendSV_Handler                           0x080006bb   Thumb Code     2  stm32f4xx_it.o(.text)
    SysTick_Handler                          0x080006bd   Thumb Code     8  stm32f4xx_it.o(.text)
    SDIO_IRQHandler                          0x080006c5   Thumb Code     8  stm32f4xx_it.o(.text)
    DMA2_Stream3_IRQHandler                  0x080006cd   Thumb Code     8  stm32f4xx_it.o(.text)
    EXTI0_IRQHandler                         0x080006d5   Thumb Code    24  stm32f4xx_it.o(.text)
    SystemInit                               0x080007cd   Thumb Code    88  system_stm32f4xx.o(.text)
    SystemCoreClockUpdate                    0x08000825   Thumb Code   174  system_stm32f4xx.o(.text)
    Capture_Image_TO_Bmp                     0x08000969   Thumb Code   212  bmp.o(.text)
    init_picture_count                       0x08000adf   Thumb Code    12  bmp.o(.text)
    DCMI_Control_IO_Init                     0x08000b15   Thumb Code   112  dcmi_ov9655.o(.text)
    DCMI_SingleRandomWrite                   0x08000b85   Thumb Code   184  dcmi_ov9655.o(.text)
    DCMI_OV9655_Reset                        0x08000c3d   Thumb Code    14  dcmi_ov9655.o(.text)
    DCMI_OV9655_QVGASizeSetup                0x08000c4b   Thumb Code  2408  dcmi_ov9655.o(.text)
    DCMI_OV9655_QQVGASizeSetup               0x080015b3   Thumb Code  2378  dcmi_ov9655.o(.text)
    DCMI_SingleRandomRead                    0x08001efd   Thumb Code   288  dcmi_ov9655.o(.text)
    DCMI_OV9655_ReadID                       0x0800201d   Thumb Code    46  dcmi_ov9655.o(.text)
    DCMI_OV9655_SetPrescaler                 0x0800204b   Thumb Code    16  dcmi_ov9655.o(.text)
    DCMI_OV9655_SelectOutputFormat           0x0800205b   Thumb Code    16  dcmi_ov9655.o(.text)
    DCMI_OV9655_SelectFormatResolution       0x0800206b   Thumb Code    16  dcmi_ov9655.o(.text)
    DCMI_OV9655_SetRegister                  0x0800207b   Thumb Code    18  dcmi_ov9655.o(.text)
    DCMI_OV9655_HREFControl                  0x0800208d   Thumb Code    16  dcmi_ov9655.o(.text)
    DCMI_OV9655_SelectRGBOption              0x0800209d   Thumb Code    16  dcmi_ov9655.o(.text)
    SD_DeInit                                0x080020b9   Thumb Code     8  stm32f4_discovery_sdio_sd.o(.text)
    SD_EnableWideBusOperation                0x0800247f   Thumb Code   164  stm32f4_discovery_sdio_sd.o(.text)
    SD_SelectDeselect                        0x08002523   Thumb Code    48  stm32f4_discovery_sdio_sd.o(.text)
    SD_GetCardInfo                           0x08002553   Thumb Code   700  stm32f4_discovery_sdio_sd.o(.text)
    SD_InitializeCards                       0x0800290b   Thumb Code   294  stm32f4_discovery_sdio_sd.o(.text)
    SD_PowerON                               0x08002ad9   Thumb Code   400  stm32f4_discovery_sdio_sd.o(.text)
    SD_Init                                  0x08002c69   Thumb Code   124  stm32f4_discovery_sdio_sd.o(.text)
    SD_SendStatus                            0x08002ce5   Thumb Code   112  stm32f4_discovery_sdio_sd.o(.text)
    SD_Detect                                0x08002d55   Thumb Code    26  stm32f4_discovery_sdio_sd.o(.text)
    SD_GetState                              0x08002d6f   Thumb Code    38  stm32f4_discovery_sdio_sd.o(.text)
    SD_GetStatus                             0x08002d95   Thumb Code    30  stm32f4_discovery_sdio_sd.o(.text)
    SD_PowerOFF                              0x08002db3   Thumb Code    14  stm32f4_discovery_sdio_sd.o(.text)
    SD_SendSDStatus                          0x08002dc1   Thumb Code   368  stm32f4_discovery_sdio_sd.o(.text)
    SD_GetCardStatus                         0x08002f31   Thumb Code   156  stm32f4_discovery_sdio_sd.o(.text)
    SD_ReadBlock                             0x08002fcd   Thumb Code   196  stm32f4_discovery_sdio_sd.o(.text)
    SD_ReadMultiBlocks                       0x08003091   Thumb Code   246  stm32f4_discovery_sdio_sd.o(.text)
    SD_StopTransfer                          0x08003187   Thumb Code    46  stm32f4_discovery_sdio_sd.o(.text)
    SD_WaitReadOperation                     0x080031b5   Thumb Code   102  stm32f4_discovery_sdio_sd.o(.text)
    SD_WriteBlock                            0x0800321b   Thumb Code   194  stm32f4_discovery_sdio_sd.o(.text)
    SD_WriteMultiBlocks                      0x080032dd   Thumb Code   296  stm32f4_discovery_sdio_sd.o(.text)
    SD_WaitWriteOperation                    0x08003405   Thumb Code   102  stm32f4_discovery_sdio_sd.o(.text)
    SD_GetTransferState                      0x0800346b   Thumb Code    18  stm32f4_discovery_sdio_sd.o(.text)
    SD_Erase                                 0x08003631   Thumb Code   298  stm32f4_discovery_sdio_sd.o(.text)
    SD_ProcessIRQSrc                         0x0800375b   Thumb Code   162  stm32f4_discovery_sdio_sd.o(.text)
    SD_ProcessDMAIRQ                         0x080037fd   Thumb Code    32  stm32f4_discovery_sdio_sd.o(.text)
    convert_from_bytes_to_power_of_two       0x0800381d   Thumb Code    18  stm32f4_discovery_sdio_sd.o(.text)
    STM_EVAL_LEDInit                         0x08003855   Thumb Code    62  stm32f4_discovery.o(.text)
    STM_EVAL_LEDOn                           0x08003893   Thumb Code    16  stm32f4_discovery.o(.text)
    STM_EVAL_LEDOff                          0x080038a3   Thumb Code    16  stm32f4_discovery.o(.text)
    STM_EVAL_LEDToggle                       0x080038b3   Thumb Code    26  stm32f4_discovery.o(.text)
    STM_EVAL_PBInit                          0x080038cd   Thumb Code   140  stm32f4_discovery.o(.text)
    STM_EVAL_PBGetState                      0x08003959   Thumb Code    22  stm32f4_discovery.o(.text)
    STM_EVAL_COMInit                         0x0800396f   Thumb Code   180  stm32f4_discovery.o(.text)
    SD_LowLevel_DeInit                       0x08003a23   Thumb Code   140  stm32f4_discovery.o(.text)
    SD_LowLevel_Init                         0x08003aaf   Thumb Code   184  stm32f4_discovery.o(.text)
    SD_LowLevel_DMA_TxConfig                 0x08003b67   Thumb Code   134  stm32f4_discovery.o(.text)
    SD_LowLevel_DMA_RxConfig                 0x08003bed   Thumb Code   242  stm32f4_discovery.o(.text)
    LCD_DisplayOff                           0x08003ce5   Thumb Code     2  stm32f4_discovery_lcd.o(.text)
    LCD_DeInit                               0x08003ce7   Thumb Code   538  stm32f4_discovery_lcd.o(.text)
    LCD_CtrlLinesConfig                      0x08003f01   Thumb Code   360  stm32f4_discovery_lcd.o(.text)
    LCD_FSMCConfig                           0x08004069   Thumb Code    94  stm32f4_discovery_lcd.o(.text)
    LCD_SetFont                              0x080040c7   Thumb Code     6  stm32f4_discovery_lcd.o(.text)
    LCD_WriteRAM                             0x080040cd   Thumb Code     6  stm32f4_discovery_lcd.o(.text)
    LCD_WriteReg                             0x080040d3   Thumb Code    12  stm32f4_discovery_lcd.o(.text)
    STM32f4_Discovery_LCD_Init               0x0800411b   Thumb Code   344  stm32f4_discovery_lcd.o(.text)
    LCD_SetCursor                            0x08004273   Thumb Code    24  stm32f4_discovery_lcd.o(.text)
    LCD_ReadReg                              0x0800428b   Thumb Code    14  stm32f4_discovery_lcd.o(.text)
    LCD_WriteRAM_Prepare                     0x08004299   Thumb Code    10  stm32f4_discovery_lcd.o(.text)
    LCD_ReadRAM                              0x080042a3   Thumb Code     6  stm32f4_discovery_lcd.o(.text)
    LCD_RGB_Test                             0x080042a9   Thumb Code    70  stm32f4_discovery_lcd.o(.text)
    LCD_SetColors                            0x080042ef   Thumb Code    20  stm32f4_discovery_lcd.o(.text)
    LCD_GetColors                            0x08004303   Thumb Code    14  stm32f4_discovery_lcd.o(.text)
    LCD_SetTextColor                         0x08004311   Thumb Code    12  stm32f4_discovery_lcd.o(.text)
    LCD_SetBackColor                         0x0800431d   Thumb Code    12  stm32f4_discovery_lcd.o(.text)
    LCD_DisplayOn                            0x08004329   Thumb Code     2  stm32f4_discovery_lcd.o(.text)
    LCD_GetFont                              0x0800432b   Thumb Code     6  stm32f4_discovery_lcd.o(.text)
    LCD_DrawChar                             0x08004331   Thumb Code   160  stm32f4_discovery_lcd.o(.text)
    LCD_DisplayChar                          0x080043d1   Thumb Code    42  stm32f4_discovery_lcd.o(.text)
    LCD_ClearLine                            0x080043fb   Thumb Code    36  stm32f4_discovery_lcd.o(.text)
    LCD_Clear                                0x0800441f   Thumb Code    36  stm32f4_discovery_lcd.o(.text)
    LCD_DrawLine                             0x08004443   Thumb Code    86  stm32f4_discovery_lcd.o(.text)
    LCD_DisplayStringLine                    0x080044c3   Thumb Code    50  stm32f4_discovery_lcd.o(.text)
    LCD_SetDisplayWindow                     0x080044f5   Thumb Code   122  stm32f4_discovery_lcd.o(.text)
    LCD_WindowModeDisable                    0x0800456f   Thumb Code     2  stm32f4_discovery_lcd.o(.text)
    LCD_DrawRect                             0x08004571   Thumb Code    66  stm32f4_discovery_lcd.o(.text)
    LCD_DrawCircle                           0x080045b3   Thumb Code   252  stm32f4_discovery_lcd.o(.text)
    LCD_DrawMonoPict                         0x080046af   Thumb Code    76  stm32f4_discovery_lcd.o(.text)
    LCD_WriteBMP                             0x080046fb   Thumb Code     2  stm32f4_discovery_lcd.o(.text)
    LCD_DrawFullRect                         0x080046fd   Thumb Code   126  stm32f4_discovery_lcd.o(.text)
    LCD_DrawFullCircle                       0x0800477b   Thumb Code   162  stm32f4_discovery_lcd.o(.text)
    LCD_DrawUniLine                          0x0800481d   Thumb Code   286  stm32f4_discovery_lcd.o(.text)
    LCD_PolyLine                             0x0800493b   Thumb Code    68  stm32f4_discovery_lcd.o(.text)
    LCD_ClosedPolyLine                       0x080049ff   Thumb Code    48  stm32f4_discovery_lcd.o(.text)
    LCD_PolyLineRelative                     0x08004a2f   Thumb Code    18  stm32f4_discovery_lcd.o(.text)
    LCD_ClosedPolyLineRelative               0x08004a41   Thumb Code    18  stm32f4_discovery_lcd.o(.text)
    LCD_FillPolyLine                         0x08004a53   Thumb Code   588  stm32f4_discovery_lcd.o(.text)
    LIS302DL_Write                           0x08004d13   Thumb Code    58  stm32f4_discovery_lis302dl.o(.text)
    LIS302DL_Init                            0x08004e73   Thumb Code    44  stm32f4_discovery_lis302dl.o(.text)
    LIS302DL_Read                            0x08004e9f   Thumb Code    66  stm32f4_discovery_lis302dl.o(.text)
    LIS302DL_FilterConfig                    0x08004ee1   Thumb Code    58  stm32f4_discovery_lis302dl.o(.text)
    LIS302DL_InterruptConfig                 0x08004f1b   Thumb Code    42  stm32f4_discovery_lis302dl.o(.text)
    LIS302DL_LowpowerCmd                     0x08004f45   Thumb Code    44  stm32f4_discovery_lis302dl.o(.text)
    LIS302DL_DataRateCmd                     0x08004f71   Thumb Code    44  stm32f4_discovery_lis302dl.o(.text)
    LIS302DL_FullScaleCmd                    0x08004f9d   Thumb Code    44  stm32f4_discovery_lis302dl.o(.text)
    LIS302DL_RebootCmd                       0x08004fc9   Thumb Code    34  stm32f4_discovery_lis302dl.o(.text)
    LIS302DL_ReadACC                         0x08004feb   Thumb Code   112  stm32f4_discovery_lis302dl.o(.text)
    USART_DeInit                             0x0800506d   Thumb Code   156  stm32f4xx_usart.o(.text)
    USART_Init                               0x08005109   Thumb Code   204  stm32f4xx_usart.o(.text)
    USART_StructInit                         0x080051d5   Thumb Code    24  stm32f4xx_usart.o(.text)
    USART_ClockInit                          0x080051ed   Thumb Code    32  stm32f4xx_usart.o(.text)
    USART_ClockStructInit                    0x0800520d   Thumb Code    12  stm32f4xx_usart.o(.text)
    USART_Cmd                                0x08005219   Thumb Code    24  stm32f4xx_usart.o(.text)
    USART_SetPrescaler                       0x08005231   Thumb Code    16  stm32f4xx_usart.o(.text)
    USART_OverSampling8Cmd                   0x08005241   Thumb Code    22  stm32f4xx_usart.o(.text)
    USART_OneBitMethodCmd                    0x08005257   Thumb Code    24  stm32f4xx_usart.o(.text)
    USART_SendData                           0x0800526f   Thumb Code     8  stm32f4xx_usart.o(.text)
    USART_ReceiveData                        0x08005277   Thumb Code    10  stm32f4xx_usart.o(.text)
    USART_SetAddress                         0x08005281   Thumb Code    18  stm32f4xx_usart.o(.text)
    USART_ReceiverWakeUpCmd                  0x08005293   Thumb Code    24  stm32f4xx_usart.o(.text)
    USART_WakeUpConfig                       0x080052ab   Thumb Code    18  stm32f4xx_usart.o(.text)
    USART_LINBreakDetectLengthConfig         0x080052bd   Thumb Code    18  stm32f4xx_usart.o(.text)
    USART_LINCmd                             0x080052cf   Thumb Code    24  stm32f4xx_usart.o(.text)
    USART_SendBreak                          0x080052e7   Thumb Code    10  stm32f4xx_usart.o(.text)
    USART_HalfDuplexCmd                      0x080052f1   Thumb Code    24  stm32f4xx_usart.o(.text)
    USART_SetGuardTime                       0x08005309   Thumb Code    16  stm32f4xx_usart.o(.text)
    USART_SmartCardCmd                       0x08005319   Thumb Code    24  stm32f4xx_usart.o(.text)
    USART_SmartCardNACKCmd                   0x08005331   Thumb Code    24  stm32f4xx_usart.o(.text)
    USART_IrDAConfig                         0x08005349   Thumb Code    18  stm32f4xx_usart.o(.text)
    USART_IrDACmd                            0x0800535b   Thumb Code    24  stm32f4xx_usart.o(.text)
    USART_DMACmd                             0x08005373   Thumb Code    18  stm32f4xx_usart.o(.text)
    USART_ITConfig                           0x08005385   Thumb Code    74  stm32f4xx_usart.o(.text)
    USART_GetFlagStatus                      0x080053cf   Thumb Code    26  stm32f4xx_usart.o(.text)
    USART_ClearFlag                          0x080053e9   Thumb Code    18  stm32f4xx_usart.o(.text)
    USART_GetITStatus                        0x080053fb   Thumb Code   110  stm32f4xx_usart.o(.text)
    USART_ClearITPendingBit                  0x08005469   Thumb Code    30  stm32f4xx_usart.o(.text)
    NVIC_PriorityGroupConfig                 0x08005489   Thumb Code    10  misc.o(.text)
    NVIC_Init                                0x08005493   Thumb Code   106  misc.o(.text)
    NVIC_SetVectorTable                      0x080054fd   Thumb Code    14  misc.o(.text)
    NVIC_SystemLPConfig                      0x0800550b   Thumb Code    34  misc.o(.text)
    SysTick_CLKSourceConfig                  0x0800552d   Thumb Code    40  misc.o(.text)
    DCMI_DeInit                              0x08005569   Thumb Code    24  stm32f4xx_dcmi.o(.text)
    DCMI_Init                                0x08005581   Thumb Code    60  stm32f4xx_dcmi.o(.text)
    DCMI_StructInit                          0x080055bd   Thumb Code    18  stm32f4xx_dcmi.o(.text)
    DCMI_CROPConfig                          0x080055cf   Thumb Code    26  stm32f4xx_dcmi.o(.text)
    DCMI_CROPCmd                             0x080055e9   Thumb Code    30  stm32f4xx_dcmi.o(.text)
    DCMI_SetEmbeddedSynchroCodes             0x08005607   Thumb Code    26  stm32f4xx_dcmi.o(.text)
    DCMI_JPEGCmd                             0x08005621   Thumb Code    30  stm32f4xx_dcmi.o(.text)
    DCMI_Cmd                                 0x0800563f   Thumb Code    30  stm32f4xx_dcmi.o(.text)
    DCMI_CaptureCmd                          0x0800565d   Thumb Code    30  stm32f4xx_dcmi.o(.text)
    DCMI_ReadData                            0x0800567b   Thumb Code     6  stm32f4xx_dcmi.o(.text)
    DCMI_ITConfig                            0x08005681   Thumb Code    30  stm32f4xx_dcmi.o(.text)
    DCMI_GetFlagStatus                       0x0800569f   Thumb Code    46  stm32f4xx_dcmi.o(.text)
    DCMI_ClearFlag                           0x080056cd   Thumb Code     6  stm32f4xx_dcmi.o(.text)
    DCMI_GetITStatus                         0x080056d3   Thumb Code    24  stm32f4xx_dcmi.o(.text)
    DCMI_ClearITPendingBit                   0x080056eb   Thumb Code     6  stm32f4xx_dcmi.o(.text)
    DMA_DeInit                               0x080056f5   Thumb Code   324  stm32f4xx_dma.o(.text)
    DMA_Init                                 0x08005839   Thumb Code    82  stm32f4xx_dma.o(.text)
    DMA_StructInit                           0x0800588b   Thumb Code    34  stm32f4xx_dma.o(.text)
    DMA_Cmd                                  0x080058ad   Thumb Code    22  stm32f4xx_dma.o(.text)
    DMA_PeriphIncOffsetSizeConfig            0x080058c3   Thumb Code    22  stm32f4xx_dma.o(.text)
    DMA_FlowControllerConfig                 0x080058d9   Thumb Code    22  stm32f4xx_dma.o(.text)
    DMA_SetCurrDataCounter                   0x080058ef   Thumb Code     4  stm32f4xx_dma.o(.text)
    DMA_GetCurrDataCounter                   0x080058f3   Thumb Code     8  stm32f4xx_dma.o(.text)
    DMA_DoubleBufferModeConfig               0x080058fb   Thumb Code    24  stm32f4xx_dma.o(.text)
    DMA_DoubleBufferModeCmd                  0x08005913   Thumb Code    22  stm32f4xx_dma.o(.text)
    DMA_MemoryTargetConfig                   0x08005929   Thumb Code    10  stm32f4xx_dma.o(.text)
    DMA_GetCurrentMemoryTarget               0x08005933   Thumb Code    20  stm32f4xx_dma.o(.text)
    DMA_GetCmdStatus                         0x08005947   Thumb Code    20  stm32f4xx_dma.o(.text)
    DMA_GetFIFOStatus                        0x0800595b   Thumb Code    12  stm32f4xx_dma.o(.text)
    DMA_GetFlagStatus                        0x08005967   Thumb Code    56  stm32f4xx_dma.o(.text)
    DMA_ClearFlag                            0x0800599f   Thumb Code    40  stm32f4xx_dma.o(.text)
    DMA_ITConfig                             0x080059c7   Thumb Code    58  stm32f4xx_dma.o(.text)
    DMA_GetITStatus                          0x08005a01   Thumb Code    84  stm32f4xx_dma.o(.text)
    DMA_ClearITPendingBit                    0x08005a55   Thumb Code    40  stm32f4xx_dma.o(.text)
    EXTI_DeInit                              0x08005a9d   Thumb Code    28  stm32f4xx_exti.o(.text)
    EXTI_Init                                0x08005ab9   Thumb Code   142  stm32f4xx_exti.o(.text)
    EXTI_StructInit                          0x08005b47   Thumb Code    16  stm32f4xx_exti.o(.text)
    EXTI_GenerateSWInterrupt                 0x08005b57   Thumb Code    16  stm32f4xx_exti.o(.text)
    EXTI_GetFlagStatus                       0x08005b67   Thumb Code    22  stm32f4xx_exti.o(.text)
    EXTI_ClearFlag                           0x08005b7d   Thumb Code     8  stm32f4xx_exti.o(.text)
    EXTI_GetITStatus                         0x08005b85   Thumb Code    34  stm32f4xx_exti.o(.text)
    EXTI_ClearITPendingBit                   0x08005ba7   Thumb Code     8  stm32f4xx_exti.o(.text)
    FSMC_NORSRAMDeInit                       0x08005bb9   Thumb Code    54  stm32f4xx_fsmc.o(.text)
    FSMC_NORSRAMInit                         0x08005bef   Thumb Code   230  stm32f4xx_fsmc.o(.text)
    FSMC_NORSRAMStructInit                   0x08005cd5   Thumb Code   114  stm32f4xx_fsmc.o(.text)
    FSMC_NORSRAMCmd                          0x08005d47   Thumb Code    46  stm32f4xx_fsmc.o(.text)
    FSMC_NANDDeInit                          0x08005d75   Thumb Code    62  stm32f4xx_fsmc.o(.text)
    FSMC_NANDInit                            0x08005db3   Thumb Code   132  stm32f4xx_fsmc.o(.text)
    FSMC_NANDStructInit                      0x08005e37   Thumb Code    54  stm32f4xx_fsmc.o(.text)
    FSMC_NANDCmd                             0x08005e6d   Thumb Code    86  stm32f4xx_fsmc.o(.text)
    FSMC_NANDECCCmd                          0x08005ec3   Thumb Code    86  stm32f4xx_fsmc.o(.text)
    FSMC_GetECC                              0x08005f19   Thumb Code    24  stm32f4xx_fsmc.o(.text)
    FSMC_PCCARDDeInit                        0x08005f31   Thumb Code    36  stm32f4xx_fsmc.o(.text)
    FSMC_PCCARDInit                          0x08005f55   Thumb Code   130  stm32f4xx_fsmc.o(.text)
    FSMC_PCCARDStructInit                    0x08005fd7   Thumb Code    60  stm32f4xx_fsmc.o(.text)
    FSMC_PCCARDCmd                           0x08006013   Thumb Code    44  stm32f4xx_fsmc.o(.text)
    FSMC_ITConfig                            0x0800603f   Thumb Code   128  stm32f4xx_fsmc.o(.text)
    FSMC_GetFlagStatus                       0x080060bf   Thumb Code    54  stm32f4xx_fsmc.o(.text)
    FSMC_ClearFlag                           0x080060f5   Thumb Code    62  stm32f4xx_fsmc.o(.text)
    FSMC_GetITStatus                         0x08006133   Thumb Code    72  stm32f4xx_fsmc.o(.text)
    FSMC_ClearITPendingBit                   0x0800617b   Thumb Code    66  stm32f4xx_fsmc.o(.text)
    GPIO_DeInit                              0x080061c1   Thumb Code   220  stm32f4xx_gpio.o(.text)
    GPIO_Init                                0x0800629d   Thumb Code   144  stm32f4xx_gpio.o(.text)
    GPIO_StructInit                          0x0800632d   Thumb Code    18  stm32f4xx_gpio.o(.text)
    GPIO_PinLockConfig                       0x0800633f   Thumb Code    34  stm32f4xx_gpio.o(.text)
    GPIO_ReadInputDataBit                    0x08006361   Thumb Code    18  stm32f4xx_gpio.o(.text)
    GPIO_ReadInputData                       0x08006373   Thumb Code     8  stm32f4xx_gpio.o(.text)
    GPIO_ReadOutputDataBit                   0x0800637b   Thumb Code    18  stm32f4xx_gpio.o(.text)
    GPIO_ReadOutputData                      0x0800638d   Thumb Code     8  stm32f4xx_gpio.o(.text)
    GPIO_SetBits                             0x08006395   Thumb Code     4  stm32f4xx_gpio.o(.text)
    GPIO_ResetBits                           0x08006399   Thumb Code     4  stm32f4xx_gpio.o(.text)
    GPIO_WriteBit                            0x0800639d   Thumb Code    10  stm32f4xx_gpio.o(.text)
    GPIO_Write                               0x080063a7   Thumb Code     4  stm32f4xx_gpio.o(.text)
    GPIO_ToggleBits                          0x080063ab   Thumb Code     8  stm32f4xx_gpio.o(.text)
    GPIO_PinAFConfig                         0x080063b3   Thumb Code    70  stm32f4xx_gpio.o(.text)
    RCC_DeInit                               0x0800641d   Thumb Code    60  stm32f4xx_rcc.o(.text)
    RCC_HSEConfig                            0x08006459   Thumb Code    14  stm32f4xx_rcc.o(.text)
    RCC_GetFlagStatus                        0x08006467   Thumb Code    60  stm32f4xx_rcc.o(.text)
    RCC_WaitForHSEStartUp                    0x080064a3   Thumb Code    56  stm32f4xx_rcc.o(.text)
    RCC_AdjustHSICalibrationValue            0x080064db   Thumb Code    20  stm32f4xx_rcc.o(.text)
    RCC_HSICmd                               0x080064ef   Thumb Code     6  stm32f4xx_rcc.o(.text)
    RCC_LSEConfig                            0x080064f5   Thumb Code    46  stm32f4xx_rcc.o(.text)
    RCC_LSICmd                               0x08006523   Thumb Code     6  stm32f4xx_rcc.o(.text)
    RCC_PLLConfig                            0x08006529   Thumb Code    32  stm32f4xx_rcc.o(.text)
    RCC_PLLCmd                               0x08006549   Thumb Code     6  stm32f4xx_rcc.o(.text)
    RCC_PLLI2SConfig                         0x0800654f   Thumb Code    14  stm32f4xx_rcc.o(.text)
    RCC_PLLI2SCmd                            0x0800655d   Thumb Code     6  stm32f4xx_rcc.o(.text)
    RCC_ClockSecuritySystemCmd               0x08006563   Thumb Code     6  stm32f4xx_rcc.o(.text)
    RCC_MCO1Config                           0x08006569   Thumb Code    28  stm32f4xx_rcc.o(.text)
    RCC_MCO2Config                           0x08006585   Thumb Code    28  stm32f4xx_rcc.o(.text)
    RCC_SYSCLKConfig                         0x080065a1   Thumb Code    20  stm32f4xx_rcc.o(.text)
    RCC_GetSYSCLKSource                      0x080065b5   Thumb Code    12  stm32f4xx_rcc.o(.text)
    RCC_HCLKConfig                           0x080065c1   Thumb Code    20  stm32f4xx_rcc.o(.text)
    RCC_PCLK1Config                          0x080065d5   Thumb Code    20  stm32f4xx_rcc.o(.text)
    RCC_PCLK2Config                          0x080065e9   Thumb Code    22  stm32f4xx_rcc.o(.text)
    RCC_GetClocksFreq                        0x080065ff   Thumb Code   222  stm32f4xx_rcc.o(.text)
    RCC_RTCCLKConfig                         0x080066dd   Thumb Code    54  stm32f4xx_rcc.o(.text)
    RCC_RTCCLKCmd                            0x08006713   Thumb Code     8  stm32f4xx_rcc.o(.text)
    RCC_BackupResetCmd                       0x0800671b   Thumb Code     8  stm32f4xx_rcc.o(.text)
    RCC_I2SCLKConfig                         0x08006723   Thumb Code     6  stm32f4xx_rcc.o(.text)
    RCC_AHB1PeriphClockCmd                   0x08006729   Thumb Code    34  stm32f4xx_rcc.o(.text)
    RCC_AHB2PeriphClockCmd                   0x0800674b   Thumb Code    34  stm32f4xx_rcc.o(.text)
    RCC_AHB3PeriphClockCmd                   0x0800676d   Thumb Code    34  stm32f4xx_rcc.o(.text)
    RCC_APB1PeriphClockCmd                   0x0800678f   Thumb Code    34  stm32f4xx_rcc.o(.text)
    RCC_APB2PeriphClockCmd                   0x080067b1   Thumb Code    34  stm32f4xx_rcc.o(.text)
    RCC_AHB1PeriphResetCmd                   0x080067d3   Thumb Code    34  stm32f4xx_rcc.o(.text)
    RCC_AHB2PeriphResetCmd                   0x080067f5   Thumb Code    72  stm32f4xx_rcc.o(.text)
    RCC_AHB3PeriphResetCmd                   0x0800683d   Thumb Code    34  stm32f4xx_rcc.o(.text)
    RCC_APB1PeriphResetCmd                   0x0800685f   Thumb Code    34  stm32f4xx_rcc.o(.text)
    RCC_APB2PeriphResetCmd                   0x08006881   Thumb Code    34  stm32f4xx_rcc.o(.text)
    RCC_AHB1PeriphClockLPModeCmd             0x080068a3   Thumb Code    34  stm32f4xx_rcc.o(.text)
    RCC_AHB2PeriphClockLPModeCmd             0x080068c5   Thumb Code    34  stm32f4xx_rcc.o(.text)
    RCC_AHB3PeriphClockLPModeCmd             0x080068e7   Thumb Code    34  stm32f4xx_rcc.o(.text)
    RCC_APB1PeriphClockLPModeCmd             0x08006909   Thumb Code    34  stm32f4xx_rcc.o(.text)
    RCC_APB2PeriphClockLPModeCmd             0x0800692b   Thumb Code    34  stm32f4xx_rcc.o(.text)
    RCC_ITConfig                             0x0800694d   Thumb Code    34  stm32f4xx_rcc.o(.text)
    RCC_ClearFlag                            0x0800696f   Thumb Code    18  stm32f4xx_rcc.o(.text)
    RCC_GetITStatus                          0x08006981   Thumb Code    22  stm32f4xx_rcc.o(.text)
    RCC_ClearITPendingBit                    0x08006997   Thumb Code     8  stm32f4xx_rcc.o(.text)
    SDIO_DeInit                              0x080069a5   Thumb Code    22  stm32f4xx_sdio.o(.text)
    SDIO_Init                                0x080069bb   Thumb Code    42  stm32f4xx_sdio.o(.text)
    SDIO_StructInit                          0x080069e5   Thumb Code    16  stm32f4xx_sdio.o(.text)
    SDIO_ClockCmd                            0x080069f5   Thumb Code     6  stm32f4xx_sdio.o(.text)
    SDIO_SetPowerState                       0x080069fb   Thumb Code     8  stm32f4xx_sdio.o(.text)
    SDIO_GetPowerState                       0x08006a03   Thumb Code    12  stm32f4xx_sdio.o(.text)
    SDIO_SendCommand                         0x08006a0f   Thumb Code    42  stm32f4xx_sdio.o(.text)
    SDIO_CmdStructInit                       0x08006a39   Thumb Code    14  stm32f4xx_sdio.o(.text)
    SDIO_GetCommandResponse                  0x08006a47   Thumb Code    10  stm32f4xx_sdio.o(.text)
    SDIO_GetResponse                         0x08006a51   Thumb Code    22  stm32f4xx_sdio.o(.text)
    SDIO_DataConfig                          0x08006a67   Thumb Code    48  stm32f4xx_sdio.o(.text)
    SDIO_DataStructInit                      0x08006a97   Thumb Code    20  stm32f4xx_sdio.o(.text)
    SDIO_GetDataCounter                      0x08006aab   Thumb Code     8  stm32f4xx_sdio.o(.text)
    SDIO_ReadData                            0x08006ab3   Thumb Code     8  stm32f4xx_sdio.o(.text)
    SDIO_WriteData                           0x08006abb   Thumb Code     8  stm32f4xx_sdio.o(.text)
    SDIO_GetFIFOCount                        0x08006ac3   Thumb Code     8  stm32f4xx_sdio.o(.text)
    SDIO_StartSDIOReadWait                   0x08006acb   Thumb Code     6  stm32f4xx_sdio.o(.text)
    SDIO_StopSDIOReadWait                    0x08006ad1   Thumb Code     8  stm32f4xx_sdio.o(.text)
    SDIO_SetSDIOReadWaitMode                 0x08006ad9   Thumb Code     8  stm32f4xx_sdio.o(.text)
    SDIO_SetSDIOOperation                    0x08006ae1   Thumb Code     8  stm32f4xx_sdio.o(.text)
    SDIO_SendSDIOSuspendCmd                  0x08006ae9   Thumb Code     6  stm32f4xx_sdio.o(.text)
    SDIO_CommandCompletionCmd                0x08006aef   Thumb Code     8  stm32f4xx_sdio.o(.text)
    SDIO_CEATAITCmd                          0x08006af7   Thumb Code    12  stm32f4xx_sdio.o(.text)
    SDIO_SendCEATACmd                        0x08006b03   Thumb Code     8  stm32f4xx_sdio.o(.text)
    SDIO_DMACmd                              0x08006b0b   Thumb Code     8  stm32f4xx_sdio.o(.text)
    SDIO_ITConfig                            0x08006b13   Thumb Code    34  stm32f4xx_sdio.o(.text)
    SDIO_GetFlagStatus                       0x08006b35   Thumb Code    22  stm32f4xx_sdio.o(.text)
    SDIO_ClearFlag                           0x08006b4b   Thumb Code     8  stm32f4xx_sdio.o(.text)
    SDIO_GetITStatus                         0x08006b53   Thumb Code    22  stm32f4xx_sdio.o(.text)
    SDIO_ClearITPendingBit                   0x08006b69   Thumb Code     8  stm32f4xx_sdio.o(.text)
    SPI_I2S_DeInit                           0x08006b81   Thumb Code    76  stm32f4xx_spi.o(.text)
    SPI_Init                                 0x08006bcd   Thumb Code    60  stm32f4xx_spi.o(.text)
    I2S_Init                                 0x08006c09   Thumb Code   350  stm32f4xx_spi.o(.text)
    SPI_StructInit                           0x08006d67   Thumb Code    24  stm32f4xx_spi.o(.text)
    I2S_StructInit                           0x08006d7f   Thumb Code    20  stm32f4xx_spi.o(.text)
    SPI_Cmd                                  0x08006d93   Thumb Code    24  stm32f4xx_spi.o(.text)
    I2S_Cmd                                  0x08006dab   Thumb Code    24  stm32f4xx_spi.o(.text)
    SPI_DataSizeConfig                       0x08006dc3   Thumb Code    18  stm32f4xx_spi.o(.text)
    SPI_BiDirectionalLineConfig              0x08006dd5   Thumb Code    28  stm32f4xx_spi.o(.text)
    SPI_NSSInternalSoftwareConfig            0x08006df1   Thumb Code    30  stm32f4xx_spi.o(.text)
    SPI_SSOutputCmd                          0x08006e0f   Thumb Code    24  stm32f4xx_spi.o(.text)
    SPI_TIModeCmd                            0x08006e27   Thumb Code    24  stm32f4xx_spi.o(.text)
    I2S_FullDuplexConfig                     0x08006e3f   Thumb Code    80  stm32f4xx_spi.o(.text)
    SPI_I2S_ReceiveData                      0x08006e8f   Thumb Code     6  stm32f4xx_spi.o(.text)
    SPI_I2S_SendData                         0x08006e95   Thumb Code     4  stm32f4xx_spi.o(.text)
    SPI_CalculateCRC                         0x08006e99   Thumb Code    24  stm32f4xx_spi.o(.text)
    SPI_TransmitCRC                          0x08006eb1   Thumb Code    10  stm32f4xx_spi.o(.text)
    SPI_GetCRC                               0x08006ebb   Thumb Code    16  stm32f4xx_spi.o(.text)
    SPI_GetCRCPolynomial                     0x08006ecb   Thumb Code     6  stm32f4xx_spi.o(.text)
    SPI_I2S_DMACmd                           0x08006ed1   Thumb Code    18  stm32f4xx_spi.o(.text)
    SPI_I2S_ITConfig                         0x08006ee3   Thumb Code    32  stm32f4xx_spi.o(.text)
    SPI_I2S_GetFlagStatus                    0x08006f03   Thumb Code    18  stm32f4xx_spi.o(.text)
    SPI_I2S_ClearFlag                        0x08006f15   Thumb Code     6  stm32f4xx_spi.o(.text)
    SPI_I2S_GetITStatus                      0x08006f1b   Thumb Code    52  stm32f4xx_spi.o(.text)
    SPI_I2S_ClearITPendingBit                0x08006f4f   Thumb Code    42  stm32f4xx_spi.o(.text)
    SYSCFG_DeInit                            0x08006f79   Thumb Code    22  stm32f4xx_syscfg.o(.text)
    SYSCFG_MemoryRemapConfig                 0x08006f8f   Thumb Code     6  stm32f4xx_syscfg.o(.text)
    SYSCFG_EXTILineConfig                    0x08006f95   Thumb Code    66  stm32f4xx_syscfg.o(.text)
    SYSCFG_ETH_MediaInterfaceConfig          0x08006fd7   Thumb Code     6  stm32f4xx_syscfg.o(.text)
    SYSCFG_CompensationCellCmd               0x08006fdd   Thumb Code     6  stm32f4xx_syscfg.o(.text)
    SYSCFG_GetCompensationCellStatus         0x08006fe3   Thumb Code    22  stm32f4xx_syscfg.o(.text)
    I2C_DeInit                               0x08007005   Thumb Code    82  stm32f4xx_i2c.o(.text)
    I2C_Init                                 0x08007057   Thumb Code   218  stm32f4xx_i2c.o(.text)
    I2C_StructInit                           0x08007131   Thumb Code    30  stm32f4xx_i2c.o(.text)
    I2C_Cmd                                  0x0800714f   Thumb Code    24  stm32f4xx_i2c.o(.text)
    I2C_GenerateSTART                        0x08007167   Thumb Code    24  stm32f4xx_i2c.o(.text)
    I2C_GenerateSTOP                         0x0800717f   Thumb Code    24  stm32f4xx_i2c.o(.text)
    I2C_Send7bitAddress                      0x08007197   Thumb Code    16  stm32f4xx_i2c.o(.text)
    I2C_AcknowledgeConfig                    0x080071a7   Thumb Code    24  stm32f4xx_i2c.o(.text)
    I2C_OwnAddress2Config                    0x080071bf   Thumb Code    22  stm32f4xx_i2c.o(.text)
    I2C_DualAddressCmd                       0x080071d5   Thumb Code    24  stm32f4xx_i2c.o(.text)
    I2C_GeneralCallCmd                       0x080071ed   Thumb Code    24  stm32f4xx_i2c.o(.text)
    I2C_SoftwareResetCmd                     0x08007205   Thumb Code    22  stm32f4xx_i2c.o(.text)
    I2C_StretchClockCmd                      0x0800721b   Thumb Code    24  stm32f4xx_i2c.o(.text)
    I2C_FastModeDutyCycleConfig              0x08007233   Thumb Code    28  stm32f4xx_i2c.o(.text)
    I2C_NACKPositionConfig                   0x0800724f   Thumb Code    28  stm32f4xx_i2c.o(.text)
    I2C_SMBusAlertConfig                     0x0800726b   Thumb Code    28  stm32f4xx_i2c.o(.text)
    I2C_ARPCmd                               0x08007287   Thumb Code    24  stm32f4xx_i2c.o(.text)
    I2C_SendData                             0x0800729f   Thumb Code     4  stm32f4xx_i2c.o(.text)
    I2C_ReceiveData                          0x080072a3   Thumb Code     8  stm32f4xx_i2c.o(.text)
    I2C_TransmitPEC                          0x080072ab   Thumb Code    24  stm32f4xx_i2c.o(.text)
    I2C_PECPositionConfig                    0x080072c3   Thumb Code    28  stm32f4xx_i2c.o(.text)
    I2C_CalculatePEC                         0x080072df   Thumb Code    24  stm32f4xx_i2c.o(.text)
    I2C_GetPEC                               0x080072f7   Thumb Code     8  stm32f4xx_i2c.o(.text)
    I2C_DMACmd                               0x080072ff   Thumb Code    24  stm32f4xx_i2c.o(.text)
    I2C_DMALastTransferCmd                   0x08007317   Thumb Code    24  stm32f4xx_i2c.o(.text)
    I2C_ReadRegister                         0x0800732f   Thumb Code    22  stm32f4xx_i2c.o(.text)
    I2C_ITConfig                             0x08007345   Thumb Code    18  stm32f4xx_i2c.o(.text)
    I2C_CheckEvent                           0x08007357   Thumb Code    42  stm32f4xx_i2c.o(.text)
    I2C_GetLastEvent                         0x08007381   Thumb Code    26  stm32f4xx_i2c.o(.text)
    I2C_GetFlagStatus                        0x0800739b   Thumb Code    58  stm32f4xx_i2c.o(.text)
    I2C_ClearFlag                            0x080073d5   Thumb Code    12  stm32f4xx_i2c.o(.text)
    I2C_GetITStatus                          0x080073e1   Thumb Code    64  stm32f4xx_i2c.o(.text)
    I2C_ClearITPendingBit                    0x08007421   Thumb Code    12  stm32f4xx_i2c.o(.text)
    clust2sect                               0x080075d1   Thumb Code    26  ff.o(.text)
    get_fat                                  0x080075eb   Thumb Code   228  ff.o(.text)
    put_fat                                  0x080076cf   Thumb Code   310  ff.o(.text)
    f_mount                                  0x080082d7   Thumb Code    38  ff.o(.text)
    f_open                                   0x080082fd   Thumb Code   364  ff.o(.text)
    f_read                                   0x08008469   Thumb Code   476  ff.o(.text)
    f_write                                  0x08008645   Thumb Code   526  ff.o(.text)
    f_sync                                   0x08008853   Thumb Code   184  ff.o(.text)
    f_close                                  0x0800890b   Thumb Code    22  ff.o(.text)
    f_lseek                                  0x08008921   Thumb Code   432  ff.o(.text)
    f_opendir                                0x08008ad1   Thumb Code   110  ff.o(.text)
    f_readdir                                0x08008b3f   Thumb Code    88  ff.o(.text)
    f_stat                                   0x08008b97   Thumb Code    58  ff.o(.text)
    f_getfree                                0x08008bd1   Thumb Code   276  ff.o(.text)
    f_truncate                               0x08008ce5   Thumb Code   156  ff.o(.text)
    f_unlink                                 0x08008d81   Thumb Code   178  ff.o(.text)
    f_mkdir                                  0x08008e33   Thumb Code   384  ff.o(.text)
    f_chmod                                  0x08008fb3   Thumb Code    84  ff.o(.text)
    f_utime                                  0x08009007   Thumb Code    86  ff.o(.text)
    f_rename                                 0x0800905d   Thumb Code   290  ff.o(.text)
    disk_initialize                          0x08009181   Thumb Code    56  diskio.o(.text)
    disk_status                              0x080091b9   Thumb Code    12  diskio.o(.text)
    disk_read                                0x080091c5   Thumb Code    52  diskio.o(.text)
    disk_write                               0x080091f9   Thumb Code    52  diskio.o(.text)
    get_fattime                              0x0800922d   Thumb Code     4  diskio.o(.text)
    disk_ioctl                               0x08009231   Thumb Code    52  diskio.o(.text)
    Reset_Handler                            0x08009269   Thumb Code     8  startup_stm32f4xx.o(.text)
    ADC_IRQHandler                           0x08009283   Thumb Code     0  startup_stm32f4xx.o(.text)
    CAN1_RX0_IRQHandler                      0x08009283   Thumb Code     0  startup_stm32f4xx.o(.text)
    CAN1_RX1_IRQHandler                      0x08009283   Thumb Code     0  startup_stm32f4xx.o(.text)
    CAN1_SCE_IRQHandler                      0x08009283   Thumb Code     0  startup_stm32f4xx.o(.text)
    CAN1_TX_IRQHandler                       0x08009283   Thumb Code     0  startup_stm32f4xx.o(.text)
    CAN2_RX0_IRQHandler                      0x08009283   Thumb Code     0  startup_stm32f4xx.o(.text)
    CAN2_RX1_IRQHandler                      0x08009283   Thumb Code     0  startup_stm32f4xx.o(.text)
    CAN2_SCE_IRQHandler                      0x08009283   Thumb Code     0  startup_stm32f4xx.o(.text)
    CAN2_TX_IRQHandler                       0x08009283   Thumb Code     0  startup_stm32f4xx.o(.text)
    CRYP_IRQHandler                          0x08009283   Thumb Code     0  startup_stm32f4xx.o(.text)
    DCMI_IRQHandler                          0x08009283   Thumb Code     0  startup_stm32f4xx.o(.text)
    DMA1_Stream0_IRQHandler                  0x08009283   Thumb Code     0  startup_stm32f4xx.o(.text)
    DMA1_Stream1_IRQHandler                  0x08009283   Thumb Code     0  startup_stm32f4xx.o(.text)
    DMA1_Stream2_IRQHandler                  0x08009283   Thumb Code     0  startup_stm32f4xx.o(.text)
    DMA1_Stream3_IRQHandler                  0x08009283   Thumb Code     0  startup_stm32f4xx.o(.text)
    DMA1_Stream4_IRQHandler                  0x08009283   Thumb Code     0  startup_stm32f4xx.o(.text)
    DMA1_Stream5_IRQHandler                  0x08009283   Thumb Code     0  startup_stm32f4xx.o(.text)
    DMA1_Stream6_IRQHandler                  0x08009283   Thumb Code     0  startup_stm32f4xx.o(.text)
    DMA1_Stream7_IRQHandler                  0x08009283   Thumb Code     0  startup_stm32f4xx.o(.text)
    DMA2_Stream0_IRQHandler                  0x08009283   Thumb Code     0  startup_stm32f4xx.o(.text)
    DMA2_Stream1_IRQHandler                  0x08009283   Thumb Code     0  startup_stm32f4xx.o(.text)
    DMA2_Stream2_IRQHandler                  0x08009283   Thumb Code     0  startup_stm32f4xx.o(.text)
    DMA2_Stream4_IRQHandler                  0x08009283   Thumb Code     0  startup_stm32f4xx.o(.text)
    DMA2_Stream5_IRQHandler                  0x08009283   Thumb Code     0  startup_stm32f4xx.o(.text)
    DMA2_Stream6_IRQHandler                  0x08009283   Thumb Code     0  startup_stm32f4xx.o(.text)
    DMA2_Stream7_IRQHandler                  0x08009283   Thumb Code     0  startup_stm32f4xx.o(.text)
    ETH_IRQHandler                           0x08009283   Thumb Code     0  startup_stm32f4xx.o(.text)
    ETH_WKUP_IRQHandler                      0x08009283   Thumb Code     0  startup_stm32f4xx.o(.text)
    EXTI15_10_IRQHandler                     0x08009283   Thumb Code     0  startup_stm32f4xx.o(.text)
    EXTI1_IRQHandler                         0x08009283   Thumb Code     0  startup_stm32f4xx.o(.text)
    EXTI2_IRQHandler                         0x08009283   Thumb Code     0  startup_stm32f4xx.o(.text)
    EXTI3_IRQHandler                         0x08009283   Thumb Code     0  startup_stm32f4xx.o(.text)
    EXTI4_IRQHandler                         0x08009283   Thumb Code     0  startup_stm32f4xx.o(.text)
    EXTI9_5_IRQHandler                       0x08009283   Thumb Code     0  startup_stm32f4xx.o(.text)
    FLASH_IRQHandler                         0x08009283   Thumb Code     0  startup_stm32f4xx.o(.text)
    FPU_IRQHandler                           0x08009283   Thumb Code     0  startup_stm32f4xx.o(.text)
    FSMC_IRQHandler                          0x08009283   Thumb Code     0  startup_stm32f4xx.o(.text)
    HASH_RNG_IRQHandler                      0x08009283   Thumb Code     0  startup_stm32f4xx.o(.text)
    I2C1_ER_IRQHandler                       0x08009283   Thumb Code     0  startup_stm32f4xx.o(.text)
    I2C1_EV_IRQHandler                       0x08009283   Thumb Code     0  startup_stm32f4xx.o(.text)
    I2C2_ER_IRQHandler                       0x08009283   Thumb Code     0  startup_stm32f4xx.o(.text)
    I2C2_EV_IRQHandler                       0x08009283   Thumb Code     0  startup_stm32f4xx.o(.text)
    I2C3_ER_IRQHandler                       0x08009283   Thumb Code     0  startup_stm32f4xx.o(.text)
    I2C3_EV_IRQHandler                       0x08009283   Thumb Code     0  startup_stm32f4xx.o(.text)
    OTG_FS_IRQHandler                        0x08009283   Thumb Code     0  startup_stm32f4xx.o(.text)
    OTG_FS_WKUP_IRQHandler                   0x08009283   Thumb Code     0  startup_stm32f4xx.o(.text)
    OTG_HS_EP1_IN_IRQHandler                 0x08009283   Thumb Code     0  startup_stm32f4xx.o(.text)
    OTG_HS_EP1_OUT_IRQHandler                0x08009283   Thumb Code     0  startup_stm32f4xx.o(.text)
    OTG_HS_IRQHandler                        0x08009283   Thumb Code     0  startup_stm32f4xx.o(.text)
    OTG_HS_WKUP_IRQHandler                   0x08009283   Thumb Code     0  startup_stm32f4xx.o(.text)
    PVD_IRQHandler                           0x08009283   Thumb Code     0  startup_stm32f4xx.o(.text)
    RCC_IRQHandler                           0x08009283   Thumb Code     0  startup_stm32f4xx.o(.text)
    RTC_Alarm_IRQHandler                     0x08009283   Thumb Code     0  startup_stm32f4xx.o(.text)
    RTC_WKUP_IRQHandler                      0x08009283   Thumb Code     0  startup_stm32f4xx.o(.text)
    SPI1_IRQHandler                          0x08009283   Thumb Code     0  startup_stm32f4xx.o(.text)
    SPI2_IRQHandler                          0x08009283   Thumb Code     0  startup_stm32f4xx.o(.text)
    SPI3_IRQHandler                          0x08009283   Thumb Code     0  startup_stm32f4xx.o(.text)
    TAMP_STAMP_IRQHandler                    0x08009283   Thumb Code     0  startup_stm32f4xx.o(.text)
    TIM1_BRK_TIM9_IRQHandler                 0x08009283   Thumb Code     0  startup_stm32f4xx.o(.text)
    TIM1_CC_IRQHandler                       0x08009283   Thumb Code     0  startup_stm32f4xx.o(.text)
    TIM1_TRG_COM_TIM11_IRQHandler            0x08009283   Thumb Code     0  startup_stm32f4xx.o(.text)
    TIM1_UP_TIM10_IRQHandler                 0x08009283   Thumb Code     0  startup_stm32f4xx.o(.text)
    TIM2_IRQHandler                          0x08009283   Thumb Code     0  startup_stm32f4xx.o(.text)
    TIM3_IRQHandler                          0x08009283   Thumb Code     0  startup_stm32f4xx.o(.text)
    TIM4_IRQHandler                          0x08009283   Thumb Code     0  startup_stm32f4xx.o(.text)
    TIM5_IRQHandler                          0x08009283   Thumb Code     0  startup_stm32f4xx.o(.text)
    TIM6_DAC_IRQHandler                      0x08009283   Thumb Code     0  startup_stm32f4xx.o(.text)
    TIM7_IRQHandler                          0x08009283   Thumb Code     0  startup_stm32f4xx.o(.text)
    TIM8_BRK_TIM12_IRQHandler                0x08009283   Thumb Code     0  startup_stm32f4xx.o(.text)
    TIM8_CC_IRQHandler                       0x08009283   Thumb Code     0  startup_stm32f4xx.o(.text)
    TIM8_TRG_COM_TIM14_IRQHandler            0x08009283   Thumb Code     0  startup_stm32f4xx.o(.text)
    TIM8_UP_TIM13_IRQHandler                 0x08009283   Thumb Code     0  startup_stm32f4xx.o(.text)
    UART4_IRQHandler                         0x08009283   Thumb Code     0  startup_stm32f4xx.o(.text)
    UART5_IRQHandler                         0x08009283   Thumb Code     0  startup_stm32f4xx.o(.text)
    USART1_IRQHandler                        0x08009283   Thumb Code     0  startup_stm32f4xx.o(.text)
    USART2_IRQHandler                        0x08009283   Thumb Code     0  startup_stm32f4xx.o(.text)
    USART3_IRQHandler                        0x08009283   Thumb Code     0  startup_stm32f4xx.o(.text)
    USART6_IRQHandler                        0x08009283   Thumb Code     0  startup_stm32f4xx.o(.text)
    WWDG_IRQHandler                          0x08009283   Thumb Code     0  startup_stm32f4xx.o(.text)
    __aeabi_memset                           0x0800928d   Thumb Code    14  memseta.o(.text)
    __aeabi_memset4                          0x0800928d   Thumb Code     0  memseta.o(.text)
    __aeabi_memset8                          0x0800928d   Thumb Code     0  memseta.o(.text)
    __aeabi_memclr                           0x0800929b   Thumb Code     4  memseta.o(.text)
    __aeabi_memclr4                          0x0800929b   Thumb Code     0  memseta.o(.text)
    __aeabi_memclr8                          0x0800929b   Thumb Code     0  memseta.o(.text)
    _memset$wrapper                          0x0800929f   Thumb Code    18  memseta.o(.text)
    __aeabi_i2d                              0x080092b1   Thumb Code    34  dflti.o(.text)
    __aeabi_ui2d                             0x080092d3   Thumb Code    26  dfltui.o(.text)
    __aeabi_cdcmpeq                          0x080092ed   Thumb Code     0  cdcmple.o(.text)
    __aeabi_cdcmple                          0x080092ed   Thumb Code    38  cdcmple.o(.text)
    __aeabi_cdrcmple                         0x08009315   Thumb Code    38  cdrcmple.o(.text)
    __aeabi_uidiv                            0x0800933d   Thumb Code     0  uidiv.o(.text)
    __aeabi_uidivmod                         0x0800933d   Thumb Code    44  uidiv.o(.text)
    __I$use$fp                               0x08009369   Thumb Code     0  iusefp.o(.text)
    _double_round                            0x08009369   Thumb Code    26  depilogue.o(.text)
    _double_epilogue                         0x08009383   Thumb Code   156  depilogue.o(.text)
    __scatterload                            0x08009421   Thumb Code    28  init.o(.text)
    __scatterload_rt2                        0x08009421   Thumb Code     0  init.o(.text)
    __aeabi_llsl                             0x08009445   Thumb Code    30  llshl.o(.text)
    _ll_shift_l                              0x08009445   Thumb Code     0  llshl.o(.text)
    __aeabi_llsr                             0x08009463   Thumb Code    32  llushr.o(.text)
    _ll_ushift_r                             0x08009463   Thumb Code     0  llushr.o(.text)
    __0sprintf$1                             0x08009485   Thumb Code    34  printf1.o(i.__0sprintf$1)
    __1sprintf$1                             0x08009485   Thumb Code     0  printf1.o(i.__0sprintf$1)
    __2sprintf                               0x08009485   Thumb Code     0  printf1.o(i.__0sprintf$1)
    __scatterload_copy                       0x080094ad   Thumb Code    14  handlers.o(i.__scatterload_copy)
    __scatterload_null                       0x080094bb   Thumb Code     2  handlers.o(i.__scatterload_null)
    __scatterload_zeroinit                   0x080094bd   Thumb Code    14  handlers.o(i.__scatterload_zeroinit)
    GPIO_PIN                                 0x0800962c   Data           8  stm32f4_discovery.o(.constdata)
    GPIO_CLK                                 0x08009634   Data          16  stm32f4_discovery.o(.constdata)
    BUTTON_PIN                               0x08009644   Data           2  stm32f4_discovery.o(.constdata)
    BUTTON_CLK                               0x08009648   Data           4  stm32f4_discovery.o(.constdata)
    BUTTON_EXTI_LINE                         0x0800964c   Data           2  stm32f4_discovery.o(.constdata)
    BUTTON_PORT_SOURCE                       0x0800964e   Data           1  stm32f4_discovery.o(.constdata)
    BUTTON_PIN_SOURCE                        0x0800964f   Data           1  stm32f4_discovery.o(.constdata)
    BUTTON_IRQn                              0x08009650   Data           1  stm32f4_discovery.o(.constdata)
    COM_USART_CLK                            0x08009654   Data           8  stm32f4_discovery.o(.constdata)
    COM_TX_PORT_CLK                          0x0800965c   Data           8  stm32f4_discovery.o(.constdata)
    COM_RX_PORT_CLK                          0x08009664   Data           8  stm32f4_discovery.o(.constdata)
    COM_TX_PIN                               0x0800966c   Data           4  stm32f4_discovery.o(.constdata)
    COM_RX_PIN                               0x08009670   Data           4  stm32f4_discovery.o(.constdata)
    COM_TX_PIN_SOURCE                        0x08009674   Data           4  stm32f4_discovery.o(.constdata)
    COM_RX_PIN_SOURCE                        0x08009678   Data           4  stm32f4_discovery.o(.constdata)
    COM_TX_AF                                0x0800967c   Data           4  stm32f4_discovery.o(.constdata)
    COM_RX_AF                                0x08009680   Data           4  stm32f4_discovery.o(.constdata)
    ASCII16x24_Table                         0x08009684   Data        4560  stm32f4_discovery_lcd.o(.constdata)
    ASCII12x12_Table                         0x0800a854   Data        2304  stm32f4_discovery_lcd.o(.constdata)
    ASCII8x12_Table                          0x0800b154   Data        2304  stm32f4_discovery_lcd.o(.constdata)
    ASCII8x8_Table                           0x0800ba54   Data        1536  stm32f4_discovery_lcd.o(.constdata)
    Region$$Table$$Base                      0x0800c054   Number         0  anon$$obj.o(Region$$Table)
    Region$$Table$$Limit                     0x0800c074   Number         0  anon$$obj.o(Region$$Table)
    KeyPressFlg                              0x20000000   Data           1  main.o(.data)
    TimingDelay                              0x20000004   Data           4  main.o(.data)
    EXTI_InitStructure                       0x20000008   Data           8  main.o(.data)
    capture_Flag                             0x20000010   Data           1  main.o(.data)
    SystemCoreClock                          0x20000014   Data           4  system_stm32f4xx.o(.data)
    AHBPrescTable                            0x20000018   Data          16  system_stm32f4xx.o(.data)
    pic_counter                              0x20000028   Data           4  bmp.o(.data)
    bmp_header                               0x2000002c   Data          70  bmp.o(.data)
    StopCondition                            0x2000007c   Data           4  stm32f4_discovery_sdio_sd.o(.data)
    TransferError                            0x20000080   Data           1  stm32f4_discovery_sdio_sd.o(.data)
    TransferEnd                              0x20000084   Data           4  stm32f4_discovery_sdio_sd.o(.data)
    DMAEndOfTransfer                         0x20000088   Data           4  stm32f4_discovery_sdio_sd.o(.data)
    GPIO_PORT                                0x2000008c   Data          16  stm32f4_discovery.o(.data)
    BUTTON_PORT                              0x2000009c   Data           4  stm32f4_discovery.o(.data)
    COM_USART                                0x200000a0   Data           8  stm32f4_discovery.o(.data)
    COM_TX_PORT                              0x200000a8   Data           8  stm32f4_discovery.o(.data)
    COM_RX_PORT                              0x200000b0   Data           8  stm32f4_discovery.o(.data)
    NVIC_InitStructure                       0x200000b8   Data           4  stm32f4_discovery.o(.data)
    Font16x24                                0x200000bc   Data           8  stm32f4_discovery_lcd.o(.data)
    Font12x12                                0x200000c4   Data           8  stm32f4_discovery_lcd.o(.data)
    Font8x12                                 0x200000cc   Data           8  stm32f4_discovery_lcd.o(.data)
    Font8x8                                  0x200000d4   Data           8  stm32f4_discovery_lcd.o(.data)
    LIS302DLTimeout                          0x200000e4   Data           4  stm32f4_discovery_lis302dl.o(.data)
    RCC_Clocks                               0x20000100   Data          16  main.o(.bss)
    filesys                                  0x20000110   Data         560  bmp.o(.bss)
    image_buf                                0x20000340   Data        1024  bmp.o(.bss)
    SDCardInfo                               0x20000770   Data          80  stm32f4_discovery_sdio_sd.o(.bss)
    SDIO_InitStructure                       0x200007c0   Data          24  stm32f4_discovery_sdio_sd.o(.bss)
    SDIO_CmdInitStructure                    0x200007d8   Data          20  stm32f4_discovery_sdio_sd.o(.bss)
    SDIO_DataInitStructure                   0x200007ec   Data          24  stm32f4_discovery_sdio_sd.o(.bss)
    __initial_sp                             0x20001008   Data           0  startup_stm32f4xx.o(STACK)



==============================================================================

Memory Map of the image

  Image Entry point : 0x08000189

  Load Region LR_IROM1 (Base: 0x08000000, Size: 0x0000c174, Max: 0x00100000, ABSOLUTE)

    Execution Region ER_IROM1 (Base: 0x08000000, Size: 0x0000c074, Max: 0x00100000, ABSOLUTE)

    Base Addr    Size         Type   Attr      Idx    E Section Name        Object

    0x08000000   0x00000188   Data   RO          653    RESET               startup_stm32f4xx.o
    0x08000188   0x00000000   Code   RO          658  * .ARM.Collect$$$$00000000  mc_w.l(entry.o)
    0x08000188   0x00000004   Code   RO          932    .ARM.Collect$$$$00000001  mc_w.l(entry2.o)
    0x0800018c   0x00000004   Code   RO          935    .ARM.Collect$$$$00000004  mc_w.l(entry5.o)
    0x08000190   0x00000000   Code   RO          937    .ARM.Collect$$$$00000008  mc_w.l(entry7b.o)
    0x08000190   0x00000000   Code   RO          939    .ARM.Collect$$$$0000000A  mc_w.l(entry8b.o)
    0x08000190   0x00000008   Code   RO          940    .ARM.Collect$$$$0000000B  mc_w.l(entry9a.o)
    0x08000198   0x00000000   Code   RO          942    .ARM.Collect$$$$0000000D  mc_w.l(entry10a.o)
    0x08000198   0x00000000   Code   RO          944    .ARM.Collect$$$$0000000F  mc_w.l(entry11a.o)
    0x08000198   0x00000004   Code   RO          933    .ARM.Collect$$$$00002712  mc_w.l(entry2.o)
    0x0800019c   0x00000508   Code   RO            3    .text               main.o
    0x080006a4   0x0000004c   Code   RO          156    .text               stm32f4xx_it.o
    0x080006f0   0x00000210   Code   RO          187    .text               system_stm32f4xx.o
    0x08000900   0x00000214   Code   RO          213    .text               bmp.o
    0x08000b14   0x000015a4   Code   RO          253    .text               dcmi_ov9655.o
    0x080020b8   0x0000179c   Code   RO          273    .text               stm32f4_discovery_sdio_sd.o
    0x08003854   0x00000490   Code   RO          297    .text               stm32f4_discovery.o
    0x08003ce4   0x00000fc4   Code   RO          321    .text               stm32f4_discovery_lcd.o
    0x08004ca8   0x000003c4   Code   RO          351    .text               stm32f4_discovery_lis302dl.o
    0x0800506c   0x0000041a   Code   RO          374    .text               stm32f4xx_usart.o
    0x08005486   0x00000002   PAD
    0x08005488   0x000000e0   Code   RO          394    .text               misc.o
    0x08005568   0x0000018c   Code   RO          414    .text               stm32f4xx_dcmi.o
    0x080056f4   0x000003a8   Code   RO          434    .text               stm32f4xx_dma.o
    0x08005a9c   0x0000011c   Code   RO          454    .text               stm32f4xx_exti.o
    0x08005bb8   0x00000608   Code   RO          474    .text               stm32f4xx_fsmc.o
    0x080061c0   0x0000025c   Code   RO          494    .text               stm32f4xx_gpio.o
    0x0800641c   0x00000588   Code   RO          514    .text               stm32f4xx_rcc.o
    0x080069a4   0x000001dc   Code   RO          536    .text               stm32f4xx_sdio.o
    0x08006b80   0x000003f8   Code   RO          556    .text               stm32f4xx_spi.o
    0x08006f78   0x0000008c   Code   RO          576    .text               stm32f4xx_syscfg.o
    0x08007004   0x00000428   Code   RO          596    .text               stm32f4xx_i2c.o
    0x0800742c   0x00001d52   Code   RO          614    .text               ff.o
    0x0800917e   0x00000002   PAD
    0x08009180   0x000000e8   Code   RO          633    .text               diskio.o
    0x08009268   0x00000024   Code   RO          654    .text               startup_stm32f4xx.o
    0x0800928c   0x00000024   Code   RO          661    .text               mc_w.l(memseta.o)
    0x080092b0   0x00000022   Code   RO          924    .text               mf_w.l(dflti.o)
    0x080092d2   0x0000001a   Code   RO          926    .text               mf_w.l(dfltui.o)
    0x080092ec   0x00000028   Code   RO          928    .text               mf_w.l(cdcmple.o)
    0x08009314   0x00000028   Code   RO          930    .text               mf_w.l(cdrcmple.o)
    0x0800933c   0x0000002c   Code   RO          949    .text               mc_w.l(uidiv.o)
    0x08009368   0x00000000   Code   RO          953    .text               mc_w.l(iusefp.o)
    0x08009368   0x000000b6   Code   RO          954    .text               mf_w.l(depilogue.o)
    0x0800941e   0x00000002   PAD
    0x08009420   0x00000024   Code   RO          964    .text               mc_w.l(init.o)
    0x08009444   0x0000001e   Code   RO          967    .text               mc_w.l(llshl.o)
    0x08009462   0x00000020   Code   RO          969    .text               mc_w.l(llushr.o)
    0x08009482   0x00000002   PAD
    0x08009484   0x00000028   Code   RO          710    i.__0sprintf$1      mc_w.l(printf1.o)
    0x080094ac   0x0000000e   Code   RO          976    i.__scatterload_copy  mc_w.l(handlers.o)
    0x080094ba   0x00000002   Code   RO          977    i.__scatterload_null  mc_w.l(handlers.o)
    0x080094bc   0x0000000e   Code   RO          978    i.__scatterload_zeroinit  mc_w.l(handlers.o)
    0x080094ca   0x00000002   PAD
    0x080094cc   0x00000154   Code   RO          715    i._printf_core      mc_w.l(printf1.o)
    0x08009620   0x0000000a   Code   RO          717    i._sputc            mc_w.l(printf1.o)
    0x0800962a   0x00000002   PAD
    0x0800962c   0x00000058   Data   RO          298    .constdata          stm32f4_discovery.o
    0x08009684   0x000029d0   Data   RO          322    .constdata          stm32f4_discovery_lcd.o
    0x0800c054   0x00000020   Data   RO          974    Region$$Table       anon$$obj.o


    Execution Region RW_IRAM1 (Base: 0x20000000, Size: 0x00001008, Max: 0x00020000, ABSOLUTE)

    Base Addr    Size         Type   Attr      Idx    E Section Name        Object

    0x20000000   0x00000011   Data   RW            5    .data               main.o
    0x20000011   0x00000003   PAD
    0x20000014   0x00000014   Data   RW          188    .data               system_stm32f4xx.o
    0x20000028   0x0000004a   Data   RW          215    .data               bmp.o
    0x20000072   0x00000002   PAD
    0x20000074   0x00000018   Data   RW          275    .data               stm32f4_discovery_sdio_sd.o
    0x2000008c   0x00000030   Data   RW          299    .data               stm32f4_discovery.o
    0x200000bc   0x00000028   Data   RW          323    .data               stm32f4_discovery_lcd.o
    0x200000e4   0x00000004   Data   RW          352    .data               stm32f4_discovery_lis302dl.o
    0x200000e8   0x00000010   Data   RW          515    .data               stm32f4xx_rcc.o
    0x200000f8   0x00000006   Data   RW          615    .data               ff.o
    0x200000fe   0x00000002   PAD
    0x20000100   0x00000010   Zero   RW            4    .bss                main.o
    0x20000110   0x00000630   Zero   RW          214    .bss                bmp.o
    0x20000740   0x000000c4   Zero   RW          274    .bss                stm32f4_discovery_sdio_sd.o
    0x20000804   0x00000004   PAD
    0x20000808   0x00000800   Zero   RW          651    STACK               startup_stm32f4xx.o


==============================================================================

Image component sizes


      Code (inc. data)   RO Data    RW Data    ZI Data      Debug   Object Name

       532         42          0         74       1584       6137   bmp.o
      5540         28          0          0          0       6437   dcmi_ov9655.o
       232          4          0          0          0       3026   diskio.o
      7506         40          0          6          0      21692   ff.o
      1288        170          0         17         16     340751   main.o
       224         20          0          0          0       2189   misc.o
        36          8        392          0       2048       1032   startup_stm32f4xx.o
      1168        114         88         48          0       5363   stm32f4_discovery.o
      4036         68      10704         40          0      14678   stm32f4_discovery_lcd.o
       964         18          0          4          0       4494   stm32f4_discovery_lis302dl.o
      6044        208          0         24        196      17760   stm32f4_discovery_sdio_sd.o
       396          4          0          0          0       3826   stm32f4xx_dcmi.o
       936         32          0          0          0       6665   stm32f4xx_dma.o
       284         10          0          0          0       2667   stm32f4xx_exti.o
      1544         14          0          0          0       5779   stm32f4xx_fsmc.o
       604         36          0          0          0       4433   stm32f4xx_gpio.o
      1064         26          0          0          0       8499   stm32f4xx_i2c.o
        76          4          0          0          0       7795   stm32f4xx_it.o
      1416         48          0         16          0      11447   stm32f4xx_rcc.o
       476         16          0          0          0       7756   stm32f4xx_sdio.o
      1016         22          0          0          0       7153   stm32f4xx_spi.o
       140         12          0          0          0       1847   stm32f4xx_syscfg.o
      1050         26          0          0          0       8144   stm32f4xx_usart.o
       528         46          0         20          0       2139   system_stm32f4xx.o

    ----------------------------------------------------------------------
     37104       1016      11216        256       3848     501709   Object Totals
         0          0         32          0          0          0   (incl. Generated)
         4          0          0          7          4          0   (incl. Padding)

    ----------------------------------------------------------------------

      Code (inc. data)   RO Data    RW Data    ZI Data      Debug   Library Member Name

         0          0          0          0          0          0   entry.o
         0          0          0          0          0          0   entry10a.o
         0          0          0          0          0          0   entry11a.o
         8          4          0          0          0          0   entry2.o
         4          0          0          0          0          0   entry5.o
         0          0          0          0          0          0   entry7b.o
         0          0          0          0          0          0   entry8b.o
         8          4          0          0          0          0   entry9a.o
        30          0          0          0          0          0   handlers.o
        36          8          0          0          0         68   init.o
         0          0          0          0          0          0   iusefp.o
        30          0          0          0          0         68   llshl.o
        32          0          0          0          0         68   llushr.o
        36          0          0          0          0        108   memseta.o
       390         10          0          0          0        252   printf1.o
        44          0          0          0          0         80   uidiv.o
        40          2          0          0          0         68   cdcmple.o
        40          2          0          0          0         68   cdrcmple.o
       182          0          0          0          0        176   depilogue.o
        34          0          0          0          0         76   dflti.o
        26          0          0          0          0         76   dfltui.o

    ----------------------------------------------------------------------
       948         30          0          0          0       1108   Library Totals
         8          0          0          0          0          0   (incl. Padding)

    ----------------------------------------------------------------------

      Code (inc. data)   RO Data    RW Data    ZI Data      Debug   Library Name

       618         26          0          0          0        644   mc_w.l
       322          4          0          0          0        464   mf_w.l

    ----------------------------------------------------------------------
       948         30          0          0          0       1108   Library Totals

    ----------------------------------------------------------------------

==============================================================================


      Code (inc. data)   RO Data    RW Data    ZI Data      Debug   

     38052       1046      11216        256       3848     495849   Grand Totals
     38052       1046      11216        256       3848     495849   ELF Image Totals
     38052       1046      11216        256          0          0   ROM Totals

==============================================================================

    Total RO  Size (Code + RO Data)                49268 (  48.11kB)
    Total RW  Size (RW Data + ZI Data)              4104 (   4.01kB)
    Total ROM Size (Code + RO Data + RW Data)      49524 (  48.36kB)

==============================================================================

